Component: ARM Compiler 6.14 Tool: armlink [5db06800]

==============================================================================

Section Cross References

    systimer.o(.text.process_timer_events) refers to systimer.o(.bss.timers) for timers
    systimer.o(.text.process_timer_events) refers to systimer.o(.bss.process_timer_events.callback) for process_timer_events.callback
    systimer.o(.text.process_timer_events) refers to systimer.o(.bss.process_timer_events.param) for process_timer_events.param
    systimer.o(.text.process_timer_events) refers to timer.o(.text.GetMsTickCount) for GetMsTickCount
    systimer.o(.ARM.exidx.text.process_timer_events) refers to systimer.o(.text.process_timer_events) for [Anonymous Symbol]
    systimer.o(.text.start_timer) refers to systimer.o(.bss.timers) for timers
    systimer.o(.text.start_timer) refers to timer.o(.text.GetMsTickCount) for GetMsTickCount
    systimer.o(.ARM.exidx.text.start_timer) refers to systimer.o(.text.start_timer) for [Anonymous Symbol]
    systimer.o(.text.cancel_timer) refers to systimer.o(.bss.timers) for timers
    systimer.o(.ARM.exidx.text.cancel_timer) refers to systimer.o(.text.cancel_timer) for [Anonymous Symbol]
    systimer.o(.text.is_timer_running) refers to systimer.o(.bss.timers) for timers
    systimer.o(.ARM.exidx.text.is_timer_running) refers to systimer.o(.text.is_timer_running) for [Anonymous Symbol]
    bms.o(.text.bms_init_system) refers to ds3231.o(.text.DS3231_Init) for DS3231_Init
    bms.o(.text.bms_init_system) refers to bq76940.o(.text.bq76940_init) for bq76940_init
    bms.o(.ARM.exidx.text.bms_init_system) refers to bms.o(.text.bms_init_system) for [Anonymous Symbol]
    bms.o(.text.bms_error_handle) refers to bq76940.o(.text.bq76940_alert_get_flag) for bq76940_alert_get_flag
    bms.o(.text.bms_error_handle) refers to bq76940.o(.text.bq76940_error_check) for bq76940_error_check
    bms.o(.text.bms_error_handle) refers to timer.o(.text.DelayMs) for DelayMs
    bms.o(.text.bms_error_handle) refers to bq76940.o(.text.bq76940_set_charger) for bq76940_set_charger
    bms.o(.text.bms_error_handle) refers to bq76940.o(.text.bq76940_set_discharger) for bq76940_set_discharger
    bms.o(.text.bms_error_handle) refers to bms.o(.text.bms_set_state_battery) for bms_set_state_battery
    bms.o(.text.bms_error_handle) refers to bms.o(.bss._bms) for _bms
    bms.o(.text.bms_error_handle) refers to systimer.o(.text.start_timer) for start_timer
    bms.o(.text.bms_error_handle) refers to bq76940.o(.text.bq76940_alert_clear_flag) for bq76940_alert_clear_flag
    bms.o(.text.bms_error_handle) refers to rtc.o(.text.rtc_get_time_stamp) for rtc_get_time_stamp
    bms.o(.text.bms_error_handle) refers to log.o(.text.log_save_data) for log_save_data
    bms.o(.text.bms_error_handle) refers to canbus.o(.text.canbus_transmit) for canbus_transmit
    bms.o(.ARM.exidx.text.bms_error_handle) refers to bms.o(.text.bms_error_handle) for [Anonymous Symbol]
    bms.o(.text.bms_set_state_battery) refers to bms.o(.bss._bms) for _bms
    bms.o(.text.bms_set_state_battery) refers to bq76940.o(.text.bq76940_set_charger) for bq76940_set_charger
    bms.o(.text.bms_set_state_battery) refers to bq76940.o(.text.bq76940_set_discharger) for bq76940_set_discharger
    bms.o(.ARM.exidx.text.bms_set_state_battery) refers to bms.o(.text.bms_set_state_battery) for [Anonymous Symbol]
    bms.o(.text.bms_auto_balancing) refers to bms.o(.bss.balance_lck) for balance_lck
    bms.o(.text.bms_auto_balancing) refers to bms.o(.bss._bms) for _bms
    bms.o(.text.bms_auto_balancing) refers to bms.o(.text.bms_update_info) for bms_update_info
    bms.o(.text.bms_auto_balancing) refers to bms.o(.text.balance_enter_lck) for balance_enter_lck
    bms.o(.text.bms_auto_balancing) refers to bq76940.o(.text.bq76940_clear_balance_reg) for bq76940_clear_balance_reg
    bms.o(.text.bms_auto_balancing) refers to bms.o(.text.group_check_cell_valid) for group_check_cell_valid
    bms.o(.text.bms_auto_balancing) refers to bq76940.o(.text.bq76940_cell_balancing) for bq76940_cell_balancing
    bms.o(.ARM.exidx.text.bms_auto_balancing) refers to bms.o(.text.bms_auto_balancing) for [Anonymous Symbol]
    bms.o(.text.bms_update_info) refers to bq76940.o(.text.bq76940_get_charger) for bq76940_get_charger
    bms.o(.text.bms_update_info) refers to bq76940.o(.text.bq76940_get_discharger) for bq76940_get_discharger
    bms.o(.text.bms_update_info) refers to bq34z100.o(.text.bq34z100_get_flags) for bq34z100_get_flags
    bms.o(.text.bms_update_info) refers to bms.o(.bss._bms) for _bms
    bms.o(.text.bms_update_info) refers to bq76940.o(.text.bq76940_read_pack_voltage) for bq76940_read_pack_voltage
    bms.o(.text.bms_update_info) refers to bq76940.o(.text.bq76940_read_all_cell_voltage) for bq76940_read_all_cell_voltage
    bms.o(.text.bms_update_info) refers to bq34z100.o(.text.bq34z100_get_temperature) for bq34z100_get_temperature
[...]
    stm32f10x_can.c                          0x00000000   Number         0  stm32f10x_can.o ABSOLUTE
    stm32f10x_cec.c                          0x00000000   Number         0  stm32f10x_cec.o ABSOLUTE
    stm32f10x_crc.c                          0x00000000   Number         0  stm32f10x_crc.o ABSOLUTE
    stm32f10x_dac.c                          0x00000000   Number         0  stm32f10x_dac.o ABSOLUTE
    stm32f10x_dbgmcu.c                       0x00000000   Number         0  stm32f10x_dbgmcu.o ABSOLUTE
    stm32f10x_dma.c                          0x00000000   Number         0  stm32f10x_dma.o ABSOLUTE
    stm32f10x_exti.c                         0x00000000   Number         0  stm32f10x_exti.o ABSOLUTE
    stm32f10x_flash.c                        0x00000000   Number         0  stm32f10x_flash.o ABSOLUTE
    stm32f10x_fsmc.c                         0x00000000   Number         0  stm32f10x_fsmc.o ABSOLUTE
    stm32f10x_gpio.c                         0x00000000   Number         0  stm32f10x_gpio.o ABSOLUTE
    stm32f10x_i2c.c                          0x00000000   Number         0  stm32f10x_i2c.o ABSOLUTE
    stm32f10x_iwdg.c                         0x00000000   Number         0  stm32f10x_iwdg.o ABSOLUTE
    stm32f10x_pwr.c                          0x00000000   Number         0  stm32f10x_pwr.o ABSOLUTE
    stm32f10x_rcc.c                          0x00000000   Number         0  stm32f10x_rcc.o ABSOLUTE
    stm32f10x_rtc.c                          0x00000000   Number         0  stm32f10x_rtc.o ABSOLUTE
    stm32f10x_sdio.c                         0x00000000   Number         0  stm32f10x_sdio.o ABSOLUTE
    stm32f10x_spi.c                          0x00000000   Number         0  stm32f10x_spi.o ABSOLUTE
    stm32f10x_tim.c                          0x00000000   Number         0  stm32f10x_tim.o ABSOLUTE
    stm32f10x_usart.c                        0x00000000   Number         0  stm32f10x_usart.o ABSOLUTE
    stm32f10x_wwdg.c                         0x00000000   Number         0  stm32f10x_wwdg.o ABSOLUTE
    system_stm32f10x.c                       0x00000000   Number         0  system_stm32f10x.o ABSOLUTE
    systimer.c                               0x00000000   Number         0  systimer.o ABSOLUTE
    timer.c                                  0x00000000   Number         0  timer.o ABSOLUTE
    RESET                                    0x08000000   Section      236  startup_stm32f10x_md.o(RESET)
    !!!main                                  0x080000ec   Section        8  __main.o(!!!main)
    !!!scatter                               0x080000f4   Section       52  __scatter.o(!!!scatter)
    !!handler_copy                           0x08000128   Section       26  __scatter_copy.o(!!handler_copy)
    !!handler_zi                             0x08000144   Section       28  __scatter_zi.o(!!handler_zi)
    .ARM.Collect$$libinit$$00000000          0x08000160   Section        2  libinit.o(.ARM.Collect$$libinit$$00000000)
    .ARM.Collect$$libinit$$00000002          0x08000162   Section        0  libinit2.o(.ARM.Collect$$libinit$$00000002)
    .ARM.Collect$$libinit$$00000004          0x08000162   Section        0  libinit2.o(.ARM.Collect$$libinit$$00000004)
    .ARM.Collect$$libinit$$00000005          0x08000162   Section        8  libinit2.o(.ARM.Collect$$libinit$$00000005)
    .ARM.Collect$$libinit$$0000000A          0x0800016a   Section        0  libinit2.o(.ARM.Collect$$libinit$$0000000A)
    .ARM.Collect$$libinit$$0000000C          0x0800016a   Section        0  libinit2.o(.ARM.Collect$$libinit$$0000000C)
    .ARM.Collect$$libinit$$0000000E          0x0800016a   Section        0  libinit2.o(.ARM.Collect$$libinit$$0000000E)
    .ARM.Collect$$libinit$$00000011          0x0800016a   Section        0  libinit2.o(.ARM.Collect$$libinit$$00000011)
    .ARM.Collect$$libinit$$00000013          0x0800016a   Section        0  libinit2.o(.ARM.Collect$$libinit$$00000013)
    .ARM.Collect$$libinit$$00000015          0x0800016a   Section        0  libinit2.o(.ARM.Collect$$libinit$$00000015)
    .ARM.Collect$$libinit$$00000017          0x0800016a   Section        0  libinit2.o(.ARM.Collect$$libinit$$00000017)
    .ARM.Collect$$libinit$$00000019          0x0800016a   Section        0  libinit2.o(.ARM.Collect$$libinit$$00000019)
    .ARM.Collect$$libinit$$0000001B          0x0800016a   Section        0  libinit2.o(.ARM.Collect$$libinit$$0000001B)
    .ARM.Collect$$libinit$$0000001D          0x0800016a   Section        0  libinit2.o(.ARM.Collect$$libinit$$0000001D)
    .ARM.Collect$$libinit$$0000001F          0x0800016a   Section        0  libinit2.o(.ARM.Collect$$libinit$$0000001F)
    .ARM.Collect$$libinit$$00000021          0x0800016a   Section        0  libinit2.o(.ARM.Collect$$libinit$$00000021)
    .ARM.Collect$$libinit$$00000023          0x0800016a   Section        0  libinit2.o(.ARM.Collect$$libinit$$00000023)
    .ARM.Collect$$libinit$$00000025          0x0800016a   Section        0  libinit2.o(.ARM.Collect$$libinit$$00000025)
    .ARM.Collect$$libinit$$0000002C          0x0800016a   Section        0  libinit2.o(.ARM.Collect$$libinit$$0000002C)
    .ARM.Collect$$libinit$$0000002E          0x0800016a   Section        0  libinit2.o(.ARM.Collect$$libinit$$0000002E)
    .ARM.Collect$$libinit$$00000030          0x0800016a   Section        0  libinit2.o(.ARM.Collect$$libinit$$00000030)
    .ARM.Collect$$libinit$$00000032          0x0800016a   Section        0  libinit2.o(.ARM.Collect$$libinit$$00000032)
    .ARM.Collect$$libinit$$00000033          0x0800016a   Section        2  libinit2.o(.ARM.Collect$$libinit$$00000033)
    .ARM.Collect$$libshutdown$$00000000      0x0800016c   Section        2  libshutdown.o(.ARM.Collect$$libshutdown$$00000000)
    .ARM.Collect$$libshutdown$$00000002      0x0800016e   Section        0  libshutdown2.o(.ARM.Collect$$libshutdown$$00000002)
    .ARM.Collect$$libshutdown$$00000004      0x0800016e   Section        0  libshutdown2.o(.ARM.Collect$$libshutdown$$00000004)
    .ARM.Collect$$libshutdown$$00000007      0x0800016e   Section        0  libshutdown2.o(.ARM.Collect$$libshutdown$$00000007)
    .ARM.Collect$$libshutdown$$0000000A      0x0800016e   Section        0  libshutdown2.o(.ARM.Collect$$libshutdown$$0000000A)
    .ARM.Collect$$libshutdown$$0000000C      0x0800016e   Section        0  libshutdown2.o(.ARM.Collect$$libshutdown$$0000000C)
    .ARM.Collect$$libshutdown$$0000000F      0x0800016e   Section        0  libshutdown2.o(.ARM.Collect$$libshutdown$$0000000F)
    .ARM.Collect$$libshutdown$$00000010      0x0800016e   Section        2  libshutdown2.o(.ARM.Collect$$libshutdown$$00000010)
    .ARM.Collect$$rtentry$$00000000          0x08000170   Section        0  __rtentry.o(.ARM.Collect$$rtentry$$00000000)
    .ARM.Collect$$rtentry$$00000002          0x08000170   Section        0  __rtentry2.o(.ARM.Collect$$rtentry$$00000002)
    .ARM.Collect$$rtentry$$00000004          0x08000170   Section        6  __rtentry4.o(.ARM.Collect$$rtentry$$00000004)
    .ARM.Collect$$rtentry$$00000009          0x08000176   Section        0  __rtentry2.o(.ARM.Collect$$rtentry$$00000009)
    .ARM.Collect$$rtentry$$0000000A          0x08000176   Section        4  __rtentry2.o(.ARM.Collect$$rtentry$$0000000A)
    .ARM.Collect$$rtentry$$0000000C          0x0800017a   Section        0  __rtentry2.o(.ARM.Collect$$rtentry$$0000000C)
    .ARM.Collect$$rtentry$$0000000D          0x0800017a   Section        8  __rtentry2.o(.ARM.Collect$$rtentry$$0000000D)
    .ARM.Collect$$rtexit$$00000000           0x08000182   Section        2  rtexit.o(.ARM.Collect$$rtexit$$00000000)
    .ARM.Collect$$rtexit$$00000002           0x08000184   Section        0  rtexit2.o(.ARM.Collect$$rtexit$$00000002)
    .ARM.Collect$$rtexit$$00000003           0x08000184   Section        4  rtexit2.o(.ARM.Collect$$rtexit$$00000003)
    .ARM.Collect$$rtexit$$00000004           0x08000188   Section        6  rtexit2.o(.ARM.Collect$$rtexit$$00000004)
    .text                                    0x08000190   Section       64  startup_stm32f10x_md.o(.text)
    .text                                    0x080001d0   Section        0  h1_alloc.o(.text)
    .text                                    0x0800022e   Section        0  h1_free.o(.text)
    .text                                    0x0800027c   Section      138  rt_memcpy_v6.o(.text)
    _tm_carry                                0x08000309   Thumb Code    62  mktime.o(.text)
    .text                                    0x08000308   Section        0  mktime.o(.text)
    .text                                    0x080004b0   Section        0  heapauxi.o(.text)
    .text                                    0x080004b8   Section        8  rt_heap_descriptor_intlibspace.o(.text)
    .text                                    0x080004c0   Section        0  hguard.o(.text)
    .text                                    0x080004c4   Section        0  init_alloc.o(.text)
    .text                                    0x0800054e   Section        0  h1_init.o(.text)
    .text                                    0x0800055c   Section      100  rt_memcpy_w.o(.text)
    .text                                    0x080005c0   Section        8  libspace.o(.text)
    .text                                    0x080005c8   Section        0  maybetermalloc1.o(.text)
    .text                                    0x080005c8   Section        0  h1_extend.o(.text)
    .text                                    0x080005fc   Section        0  defsig_rtmem_outer.o(.text)
    .text                                    0x0800060a   Section        2  use_no_semi.o(.text)
    .text                                    0x0800060c   Section        0  indicate_semi.o(.text)
    .text                                    0x0800060c   Section       74  sys_stackheap_outer.o(.text)
    .text                                    0x08000656   Section        0  exit.o(.text)
    .text                                    0x08000668   Section        0  defsig_exit.o(.text)
    .text                                    0x08000674   Section        0  defsig_rtmem_inner.o(.text)
    .text                                    0x080006c4   Section        0  sys_exit.o(.text)
    .text                                    0x080006d0   Section        0  defsig_general.o(.text)
    .text                                    0x08000702   Section        0  sys_wrch.o(.text)
    [Anonymous Symbol]                       0x08000710   Section        0  stm32f10x_can.o(.text.CAN_FilterInit)
    [Anonymous Symbol]                       0x080007bc   Section        0  stm32f10x_can.o(.text.CAN_Init)
    [Anonymous Symbol]                       0x080008c0   Section        0  stm32f10x_can.o(.text.CAN_MessagePending)
    [Anonymous Symbol]                       0x080008dc   Section        0  stm32f10x_can.o(.text.CAN_Receive)
    [Anonymous Symbol]                       0x0800097c   Section        0  stm32f10x_can.o(.text.CAN_SlaveStartBank)
    [Anonymous Symbol]                       0x080009a8   Section        0  stm32f10x_can.o(.text.CAN_StructInit)
    [Anonymous Symbol]                       0x080009bc   Section        0  stm32f10x_can.o(.text.CAN_Transmit)
    [Anonymous Symbol]                       0x08000a60   Section        0  ds3231.o(.text.DS3231_ClearOSF)
    [Anonymous Symbol]                       0x08000a74   Section        0  ds3231.o(.text.DS3231_GetOSF)
    [Anonymous Symbol]                       0x08000a84   Section        0  ds3231.o(.text.DS3231_GetTime)
    [Anonymous Symbol]                       0x08000aec   Section        0  ds3231.o(.text.DS3231_Init)
    [Anonymous Symbol]                       0x08000b30   Section        0  timer.o(.text.DelayMs)
    [Anonymous Symbol]                       0x08000b4c   Section        0  timer.o(.text.DelayUs)
    [Anonymous Symbol]                       0x08000b64   Section        0  bq76940.o(.text.EXTI15_10_IRQHandler)
    [Anonymous Symbol]                       0x08000b74   Section        0  stm32f10x_exti.o(.text.EXTI_Init)
    [Anonymous Symbol]                       0x08000bdc   Section        0  stm32f10x_flash.o(.text.FLASH_ErasePage)
    [Anonymous Symbol]                       0x08000c1c   Section        0  stm32f10x_flash.o(.text.FLASH_GetBank1Status)
    [Anonymous Symbol]                       0x08000c48   Section        0  stm32f10x_flash.o(.text.FLASH_Lock)
    [Anonymous Symbol]                       0x08000c5c   Section        0  stm32f10x_flash.o(.text.FLASH_PrefetchBufferCmd)
    [Anonymous Symbol]                       0x08000c74   Section        0  stm32f10x_flash.o(.text.FLASH_ProgramWord)
    [Anonymous Symbol]                       0x08000ccc   Section        0  stm32f10x_flash.o(.text.FLASH_SetLatency)
    [Anonymous Symbol]                       0x08000ce0   Section        0  stm32f10x_flash.o(.text.FLASH_Unlock)
    [Anonymous Symbol]                       0x08000d00   Section        0  stm32f10x_flash.o(.text.FLASH_WaitForLastOperation)
    [Anonymous Symbol]                       0x08000d20   Section        0  stm32f10x_gpio.o(.text.GPIO_EXTILineConfig)
    [Anonymous Symbol]                       0x08000d50   Section        0  stm32f10x_gpio.o(.text.GPIO_Init)
    [Anonymous Symbol]                       0x08000e00   Section        0  timer.o(.text.GetMsTickCount)
    [Anonymous Symbol]                       0x08000e0c   Section        0  stm32f10x_i2c.o(.text.I2C_AcknowledgeConfig)
    [Anonymous Symbol]                       0x08000e20   Section        0  stm32f10x_i2c.o(.text.I2C_CheckEvent)
    [Anonymous Symbol]                       0x08000e38   Section        0  stm32f10x_i2c.o(.text.I2C_Cmd)
    [Anonymous Symbol]                       0x08000e4c   Section        0  stm32f10x_i2c.o(.text.I2C_GenerateSTART)
    [Anonymous Symbol]                       0x08000e60   Section        0  stm32f10x_i2c.o(.text.I2C_GenerateSTOP)
    [Anonymous Symbol]                       0x08000e74   Section        0  stm32f10x_i2c.o(.text.I2C_GetFlagStatus)
    [Anonymous Symbol]                       0x08000ea4   Section        0  stm32f10x_i2c.o(.text.I2C_Init)
    [Anonymous Symbol]                       0x08000f70   Section        0  stm32f10x_i2c.o(.text.I2C_ReceiveData)
    [Anonymous Symbol]                       0x08000f78   Section        0  stm32f10x_i2c.o(.text.I2C_Send7bitAddress)
    [Anonymous Symbol]                       0x08000f88   Section        0  stm32f10x_i2c.o(.text.I2C_SendData)
    [Anonymous Symbol]                       0x08000f8c   Section        0  misc.o(.text.NVIC_Init)
    [Anonymous Symbol]                       0x08000fec   Section        0  stm32f10x_rcc.o(.text.RCC_APB1PeriphClockCmd)
    [Anonymous Symbol]                       0x08001004   Section        0  stm32f10x_rcc.o(.text.RCC_APB2PeriphClockCmd)
    [Anonymous Symbol]                       0x0800101c   Section        0  stm32f10x_rcc.o(.text.RCC_GetClocksFreq)
    SetSysClock                              0x080010bd   Thumb Code     8  system_stm32f10x.o(.text.SetSysClock)
    [Anonymous Symbol]                       0x080010bc   Section        0  system_stm32f10x.o(.text.SetSysClock)
    SetSysClockTo72                          0x080010c5   Thumb Code   190  system_stm32f10x.o(.text.SetSysClockTo72)
    [Anonymous Symbol]                       0x080010c4   Section        0  system_stm32f10x.o(.text.SetSysClockTo72)
    [Anonymous Symbol]                       0x08001184   Section        0  timer.o(.text.SysTickInit)
    SysTick_Config                           0x080011b1   Thumb Code    38  timer.o(.text.SysTick_Config)
    [Anonymous Symbol]                       0x080011b0   Section        0  timer.o(.text.SysTick_Config)
    [Anonymous Symbol]                       0x080011d8   Section        0  timer.o(.text.SysTick_Handler)
    [Anonymous Symbol]                       0x08001214   Section        0  system_stm32f10x.o(.text.SystemCoreClockUpdate)
    [Anonymous Symbol]                       0x08001284   Section        0  system_stm32f10x.o(.text.SystemInit)
    Voltage2ADC                              0x080012dd   Thumb Code    40  bq76940.o(.text.Voltage2ADC)
    [Anonymous Symbol]                       0x080012dc   Section        0  bq76940.o(.text.Voltage2ADC)
    __NVIC_SetPriority                       0x08001305   Thumb Code    14  timer.o(.text.__NVIC_SetPriority)
    [Anonymous Symbol]                       0x08001304   Section        0  timer.o(.text.__NVIC_SetPriority)
    balance_enter_lck                        0x08001315   Thumb Code    38  bms.o(.text.balance_enter_lck)
    [Anonymous Symbol]                       0x08001314   Section        0  bms.o(.text.balance_enter_lck)
    balance_release_lck                      0x0800133d   Thumb Code    14  bms.o(.text.balance_release_lck)
    [Anonymous Symbol]                       0x0800133c   Section        0  bms.o(.text.balance_release_lck)
    [Anonymous Symbol]                       0x0800134c   Section        0  bms.o(.text.bms_auto_adjusts_temp)
    [Anonymous Symbol]                       0x08001350   Section        0  bms.o(.text.bms_auto_balancing)
    bms_cmd_log_handle                       0x08001441   Thumb Code    50  bms.o(.text.bms_cmd_log_handle)
    [Anonymous Symbol]                       0x08001440   Section        0  bms.o(.text.bms_cmd_log_handle)
    bms_cmd_state_handle                     0x08001475   Thumb Code    20  bms.o(.text.bms_cmd_state_handle)
    [Anonymous Symbol]                       0x08001474   Section        0  bms.o(.text.bms_cmd_state_handle)
    [Anonymous Symbol]                       0x08001488   Section        0  bms.o(.text.bms_error_handle)
    [Anonymous Symbol]                       0x080014f0   Section        0  bms.o(.text.bms_init_system)
    [Anonymous Symbol]                       0x080014fc   Section        0  bms.o(.text.bms_process_push_notify)
    [Anonymous Symbol]                       0x08001558   Section        0  bms.o(.text.bms_receive_data_callback)
    bms_set_state_battery                    0x08001575   Thumb Code    62  bms.o(.text.bms_set_state_battery)
    [Anonymous Symbol]                       0x08001574   Section        0  bms.o(.text.bms_set_state_battery)
    bms_update_info                          0x080015b5   Thumb Code   130  bms.o(.text.bms_update_info)
    [Anonymous Symbol]                       0x080015b4   Section        0  bms.o(.text.bms_update_info)
    [Anonymous Symbol]                       0x08001638   Section        0  bq34z100.o(.text.bq34z100_get_average_current)
    [Anonymous Symbol]                       0x08001644   Section        0  bq34z100.o(.text.bq34z100_get_flags)
    [Anonymous Symbol]                       0x08001650   Section        0  bq34z100.o(.text.bq34z100_get_power)
    [Anonymous Symbol]                       0x0800165c   Section        0  bq34z100.o(.text.bq34z100_get_soc)
    [Anonymous Symbol]                       0x08001668   Section        0  bq34z100.o(.text.bq34z100_get_soh)
    [Anonymous Symbol]                       0x08001674   Section        0  bq34z100.o(.text.bq34z100_get_temperature)
    bq34z100_read_byte                       0x08001681   Thumb Code    30  bq34z100.o(.text.bq34z100_read_byte)
    [Anonymous Symbol]                       0x08001680   Section        0  bq34z100.o(.text.bq34z100_read_byte)
    bq34z100_read_word                       0x080016a1   Thumb Code    24  bq34z100.o(.text.bq34z100_read_word)
    [Anonymous Symbol]                       0x080016a0   Section        0  bq34z100.o(.text.bq34z100_read_word)
    [Anonymous Symbol]                       0x080016b8   Section        0  bq76940.o(.text.bq76940_alert_clear_flag)
    bq76940_alert_extint_init                0x080016d1   Thumb Code    96  bq76940.o(.text.bq76940_alert_extint_init)
    [Anonymous Symbol]                       0x080016d0   Section        0  bq76940.o(.text.bq76940_alert_extint_init)
    [Anonymous Symbol]                       0x08001730   Section        0  bq76940.o(.text.bq76940_alert_get_flag)
    [Anonymous Symbol]                       0x0800173c   Section        0  bq76940.o(.text.bq76940_cell_balancing)
    [Anonymous Symbol]                       0x08001778   Section        0  bq76940.o(.text.bq76940_clear_balance_reg)
    [Anonymous Symbol]                       0x08001790   Section        0  bq76940.o(.text.bq76940_error_check)
    [Anonymous Symbol]                       0x080017a0   Section        0  bq76940.o(.text.bq76940_get_charger)
    [Anonymous Symbol]                       0x080017b0   Section        0  bq76940.o(.text.bq76940_get_discharger)
    [Anonymous Symbol]                       0x080017c0   Section        0  bq76940.o(.text.bq76940_init)
    [Anonymous Symbol]                       0x08001840   Section        0  bq76940.o(.text.bq76940_read_adc_gain)
    [Anonymous Symbol]                       0x08001860   Section        0  bq76940.o(.text.bq76940_read_adc_offset)
    [Anonymous Symbol]                       0x0800186c   Section        0  bq76940.o(.text.bq76940_read_all_cell_voltage)
    bq76940_read_byte                        0x08001895   Thumb Code    72  bq76940.o(.text.bq76940_read_byte)
    [Anonymous Symbol]                       0x08001894   Section        0  bq76940.o(.text.bq76940_read_byte)
    [Anonymous Symbol]                       0x080018dc   Section        0  bq76940.o(.text.bq76940_read_cell_voltage)
    [Anonymous Symbol]                       0x08001910   Section        0  bq76940.o(.text.bq76940_read_pack_voltage)
    bq76940_read_word                        0x0800194d   Thumb Code    24  bq76940.o(.text.bq76940_read_word)
    [Anonymous Symbol]                       0x0800194c   Section        0  bq76940.o(.text.bq76940_read_word)
    [Anonymous Symbol]                       0x08001964   Section        0  bq76940.o(.text.bq76940_set_charger)
    [Anonymous Symbol]                       0x08001984   Section        0  bq76940.o(.text.bq76940_set_discharger)
    [Anonymous Symbol]                       0x080019a4   Section        0  bq76940.o(.text.bq76940_set_ov_trip)
    bq76940_write_byte                       0x080019b5   Thumb Code    54  bq76940.o(.text.bq76940_write_byte)
    [Anonymous Symbol]                       0x080019b4   Section        0  bq76940.o(.text.bq76940_write_byte)
    [Anonymous Symbol]                       0x080019ec   Section        0  canbus.o(.text.canbus_init)
    [Anonymous Symbol]                       0x08001a34   Section        0  canbus.o(.text.canbus_process_receive_data)
    [Anonymous Symbol]                       0x08001a78   Section        0  canbus.o(.text.canbus_transmit)
    [Anonymous Symbol]                       0x08001ab0   Section        0  crc8.o(.text.crc8)
    [Anonymous Symbol]                       0x08001af0   Section        0  ds3231.o(.text.ds3231_read_byte)
    [Anonymous Symbol]                       0x08001b10   Section        0  ds3231.o(.text.ds3231_write_byte)
    [Anonymous Symbol]                       0x08001b20   Section        0  flash.o(.text.flash_erase_page)
    [Anonymous Symbol]                       0x08001b34   Section        0  flash.o(.text.flash_init)
    [Anonymous Symbol]                       0x08001b44   Section        0  flash.o(.text.flash_read)
    [Anonymous Symbol]                       0x08001b48   Section        0  flash.o(.text.flash_write)
    group_check_cell_valid                   0x08001b61   Thumb Code    28  bms.o(.text.group_check_cell_valid)
    [Anonymous Symbol]                       0x08001b60   Section        0  bms.o(.text.group_check_cell_valid)
    hwi2c_address_direction                  0x08001b7d   Thumb Code   116  hwi2c.o(.text.hwi2c_address_direction)
    [Anonymous Symbol]                       0x08001b7c   Section        0  hwi2c.o(.text.hwi2c_address_direction)
    [Anonymous Symbol]                       0x08001bf0   Section        0  hwi2c.o(.text.hwi2c_init)
    [Anonymous Symbol]                       0x08001c54   Section        0  hwi2c.o(.text.hwi2c_read_byte)
    [Anonymous Symbol]                       0x08001c8c   Section        0  hwi2c.o(.text.hwi2c_read_sequence)
    hwi2c_receive_ack                        0x08001ce5   Thumb Code    74  hwi2c.o(.text.hwi2c_receive_ack)
    [Anonymous Symbol]                       0x08001ce4   Section        0  hwi2c.o(.text.hwi2c_receive_ack)
    hwi2c_receive_nack                       0x08001d31   Thumb Code    74  hwi2c.o(.text.hwi2c_receive_nack)
    [Anonymous Symbol]                       0x08001d30   Section        0  hwi2c.o(.text.hwi2c_receive_nack)
    hwi2c_start                              0x08001d7d   Thumb Code   100  hwi2c.o(.text.hwi2c_start)
    [Anonymous Symbol]                       0x08001d7c   Section        0  hwi2c.o(.text.hwi2c_start)
    hwi2c_stop                               0x08001de1   Thumb Code    68  hwi2c.o(.text.hwi2c_stop)
    [Anonymous Symbol]                       0x08001de0   Section        0  hwi2c.o(.text.hwi2c_stop)
    hwi2c_transmit                           0x08001e25   Thumb Code    68  hwi2c.o(.text.hwi2c_transmit)
    [Anonymous Symbol]                       0x08001e24   Section        0  hwi2c.o(.text.hwi2c_transmit)
    [Anonymous Symbol]                       0x08001e68   Section        0  hwi2c.o(.text.hwi2c_write_byte)
    [Anonymous Symbol]                       0x08001e90   Section        0  hwi2c.o(.text.hwi2c_write_sequence)
    [Anonymous Symbol]                       0x08001ec8   Section        0  log.o(.text.log_init)
    [Anonymous Symbol]                       0x08001ed8   Section        0  log.o(.text.log_load_data)
    [Anonymous Symbol]                       0x08001f28   Section        0  log.o(.text.log_save_data)
    [Anonymous Symbol]                       0x08001f6c   Section        0  main.o(.text.main)
    notify_release_lck                       0x08001fa1   Thumb Code    14  bms.o(.text.notify_release_lck)
    [Anonymous Symbol]                       0x08001fa0   Section        0  bms.o(.text.notify_release_lck)
    [Anonymous Symbol]                       0x08001fb0   Section        0  systimer.o(.text.process_timer_events)
    [Anonymous Symbol]                       0x08002010   Section        0  rtc.o(.text.rtc_get_date_time)
    [Anonymous Symbol]                       0x08002038   Section        0  rtc.o(.text.rtc_get_time_stamp)
    [Anonymous Symbol]                       0x08002090   Section        0  systimer.o(.text.start_timer)
    .constdata                               0x080020fa   Section       12  _monlen.o(.constdata)
    ADCPrescTable                            0x08002106   Data           4  stm32f10x_rcc.o(.rodata.ADCPrescTable)
    [Anonymous Symbol]                       0x08002106   Section        0  stm32f10x_rcc.o(.rodata.ADCPrescTable)
    APBAHBPrescTable                         0x0800211a   Data          16  stm32f10x_rcc.o(.rodata.APBAHBPrescTable)
    [Anonymous Symbol]                       0x0800211a   Section        0  stm32f10x_rcc.o(.rodata.APBAHBPrescTable)
    .bss                                     0x20000008   Section       96  libspace.o(.bss)
    RxPacket                                 0x20000068   Data          20  canbus.o(.bss.RxPacket)
    [Anonymous Symbol]                       0x20000068   Section        0  canbus.o(.bss.RxPacket)
    TxPacket                                 0x2000007c   Data          20  canbus.o(.bss.TxPacket)
    [Anonymous Symbol]                       0x2000007c   Section        0  canbus.o(.bss.TxPacket)
    _bms                                     0x20000090   Data          50  bms.o(.bss._bms)
    [Anonymous Symbol]                       0x20000090   Section        0  bms.o(.bss._bms)
    alert_flag                               0x200000cc   Data           1  bq76940.o(.bss.alert_flag)
    [Anonymous Symbol]                       0x200000cc   Section        0  bq76940.o(.bss.alert_flag)
    balance_lck                              0x200000cd   Data           1  bms.o(.bss.balance_lck)
    [Anonymous Symbol]                       0x200000cd   Section        0  bms.o(.bss.balance_lck)
    datasz                                   0x200000ce   Data           2  log.o(.bss.datasz)
    [Anonymous Symbol]                       0x200000ce   Section        0  log.o(.bss.datasz)
    msTicks                                  0x200000d0   Data           4  timer.o(.bss.msTicks)
    [Anonymous Symbol]                       0x200000d0   Section        0  timer.o(.bss.msTicks)
    notify_lck                               0x200000d4   Data           1  bms.o(.bss.notify_lck)
    [Anonymous Symbol]                       0x200000d4   Section        0  bms.o(.bss.notify_lck)
    process_timer_events.callback            0x200000d8   Data           4  systimer.o(.bss.process_timer_events.callback)
    [Anonymous Symbol]                       0x200000d8   Section        0  systimer.o(.bss.process_timer_events.callback)
    process_timer_events.param               0x200000dc   Data           4  systimer.o(.bss.process_timer_events.param)
    [Anonymous Symbol]                       0x200000dc   Section        0  systimer.o(.bss.process_timer_events.param)
    timeout                                  0x200000e0   Data           2  hwi2c.o(.bss.timeout)
    [Anonymous Symbol]                       0x200000e0   Section        0  hwi2c.o(.bss.timeout)
    timers                                   0x200000e4   Data         384  systimer.o(.bss.timers)
    [Anonymous Symbol]                       0x200000e4   Section        0  systimer.o(.bss.timers)
    usTicks                                  0x20000264   Data           4  timer.o(.bss.usTicks)
    [Anonymous Symbol]                       0x20000264   Section        0  timer.o(.bss.usTicks)
    Heap_Mem                                 0x20000268   Data         512  startup_stm32f10x_md.o(HEAP)
    HEAP                                     0x20000268   Section      512  startup_stm32f10x_md.o(HEAP)
    Stack_Mem                                0x20000468   Data        1024  startup_stm32f10x_md.o(STACK)
    STACK                                    0x20000468   Section     1024  startup_stm32f10x_md.o(STACK)
    __initial_sp                             0x20000868   Data           0  startup_stm32f10x_md.o(STACK)

    Global Symbols

    Symbol Name                              Value     Ov Type        Size  Object(Section)

    BuildAttributes$$THM_ISAv4$P$D$K$B$S$PE$A:L22UL41UL21$X:L11$S22US41US21$IEEE1$IW$~IW$USESV6$~STKCKD$USESV7$~SHL$OTIME$ROPI$EBA8$UX$STANDARDLIB$REQ8$PRES8$EABIv2 0x00000000   Number         0  anon$$obj.o ABSOLUTE
    __fp_init_empty                          0x00000000   Number         0  fpinit_empty.o ABSOLUTE
    __ARM_exceptions_init                     - Undefined Weak Reference
    __alloca_initialize                       - Undefined Weak Reference
    __arm_preinit_                            - Undefined Weak Reference
    __cpp_initialize__aeabi_                  - Undefined Weak Reference
    __cxa_finalize                            - Undefined Weak Reference
    __rt_locale                               - Undefined Weak Reference
    __sigvec_lookup                           - Undefined Weak Reference
    __user_heap_extent                        - Undefined Weak Reference
    _atexit_init                              - Undefined Weak Reference
    _call_atexit_fns                          - Undefined Weak Reference
    _clock_init                               - Undefined Weak Reference
    _fp_trap_init                             - Undefined Weak Reference
    _fp_trap_shutdown                         - Undefined Weak Reference
    _get_lc_collate                           - Undefined Weak Reference
    _get_lc_ctype                             - Undefined Weak Reference
    _get_lc_monetary                          - Undefined Weak Reference
    _get_lc_numeric                           - Undefined Weak Reference
    _get_lc_time                              - Undefined Weak Reference
    _getenv_init                              - Undefined Weak Reference
    _handle_redirection                       - Undefined Weak Reference
    _initio                                   - Undefined Weak Reference
    _mutex_acquire                            - Undefined Weak Reference
    _mutex_free                               - Undefined Weak Reference
    _mutex_release                            - Undefined Weak Reference
    _rand_init                                - Undefined Weak Reference
    _signal_finish                            - Undefined Weak Reference
    _signal_init                              - Undefined Weak Reference
    _terminateio                              - Undefined Weak Reference
    __Vectors_Size                           0x000000ec   Number         0  startup_stm32f10x_md.o ABSOLUTE
    __Vectors                                0x08000000   Data           4  startup_stm32f10x_md.o(RESET)
    __Vectors_End                            0x080000ec   Data           0  startup_stm32f10x_md.o(RESET)
    __main                                   0x080000ed   Thumb Code     8  __main.o(!!!main)
    __scatterload                            0x080000f5   Thumb Code     0  __scatter.o(!!!scatter)
    __scatterload_rt2                        0x080000f5   Thumb Code    44  __scatter.o(!!!scatter)
    __scatterload_rt2_thumb_only             0x080000f5   Thumb Code     0  __scatter.o(!!!scatter)
    __scatterload_null                       0x08000103   Thumb Code     0  __scatter.o(!!!scatter)
    __scatterload_copy                       0x08000129   Thumb Code    26  __scatter_copy.o(!!handler_copy)
    __scatterload_zeroinit                   0x08000145   Thumb Code    28  __scatter_zi.o(!!handler_zi)
    __rt_lib_init                            0x08000161   Thumb Code     0  libinit.o(.ARM.Collect$$libinit$$00000000)
    __rt_lib_init_fp_1                       0x08000163   Thumb Code     0  libinit2.o(.ARM.Collect$$libinit$$00000002)
    __rt_lib_init_heap_2                     0x08000163   Thumb Code     0  libinit2.o(.ARM.Collect$$libinit$$00000005)
    __rt_lib_init_preinit_1                  0x08000163   Thumb Code     0  libinit2.o(.ARM.Collect$$libinit$$00000004)
    __rt_lib_init_alloca_1                   0x0800016b   Thumb Code     0  libinit2.o(.ARM.Collect$$libinit$$0000002E)
    __rt_lib_init_argv_1                     0x0800016b   Thumb Code     0  libinit2.o(.ARM.Collect$$libinit$$0000002C)
    __rt_lib_init_atexit_1                   0x0800016b   Thumb Code     0  libinit2.o(.ARM.Collect$$libinit$$0000001B)
    __rt_lib_init_clock_1                    0x0800016b   Thumb Code     0  libinit2.o(.ARM.Collect$$libinit$$00000021)
    __rt_lib_init_cpp_1                      0x0800016b   Thumb Code     0  libinit2.o(.ARM.Collect$$libinit$$00000032)
    __rt_lib_init_exceptions_1               0x0800016b   Thumb Code     0  libinit2.o(.ARM.Collect$$libinit$$00000030)
    __rt_lib_init_fp_trap_1                  0x0800016b   Thumb Code     0  libinit2.o(.ARM.Collect$$libinit$$0000001F)
    __rt_lib_init_getenv_1                   0x0800016b   Thumb Code     0  libinit2.o(.ARM.Collect$$libinit$$00000023)
    __rt_lib_init_heap_1                     0x0800016b   Thumb Code     0  libinit2.o(.ARM.Collect$$libinit$$0000000A)
    __rt_lib_init_lc_collate_1               0x0800016b   Thumb Code     0  libinit2.o(.ARM.Collect$$libinit$$00000011)
    __rt_lib_init_lc_ctype_1                 0x0800016b   Thumb Code     0  libinit2.o(.ARM.Collect$$libinit$$00000013)
    __rt_lib_init_lc_monetary_1              0x0800016b   Thumb Code     0  libinit2.o(.ARM.Collect$$libinit$$00000015)
    __rt_lib_init_lc_numeric_1               0x0800016b   Thumb Code     0  libinit2.o(.ARM.Collect$$libinit$$00000017)
    __rt_lib_init_lc_time_1                  0x0800016b   Thumb Code     0  libinit2.o(.ARM.Collect$$libinit$$00000019)
    __rt_lib_init_rand_1                     0x0800016b   Thumb Code     0  libinit2.o(.ARM.Collect$$libinit$$0000000E)
    __rt_lib_init_return                     0x0800016b   Thumb Code     0  libinit2.o(.ARM.Collect$$libinit$$00000033)
    __rt_lib_init_signal_1                   0x0800016b   Thumb Code     0  libinit2.o(.ARM.Collect$$libinit$$0000001D)
    __rt_lib_init_stdio_1                    0x0800016b   Thumb Code     0  libinit2.o(.ARM.Collect$$libinit$$00000025)
    __rt_lib_init_user_alloc_1               0x0800016b   Thumb Code     0  libinit2.o(.ARM.Collect$$libinit$$0000000C)
    __rt_lib_shutdown                        0x0800016d   Thumb Code     0  libshutdown.o(.ARM.Collect$$libshutdown$$00000000)
    __rt_lib_shutdown_cpp_1                  0x0800016f   Thumb Code     0  libshutdown2.o(.ARM.Collect$$libshutdown$$00000002)
    __rt_lib_shutdown_fp_trap_1              0x0800016f   Thumb Code     0  libshutdown2.o(.ARM.Collect$$libshutdown$$00000007)
    __rt_lib_shutdown_heap_1                 0x0800016f   Thumb Code     0  libshutdown2.o(.ARM.Collect$$libshutdown$$0000000F)
    __rt_lib_shutdown_return                 0x0800016f   Thumb Code     0  libshutdown2.o(.ARM.Collect$$libshutdown$$00000010)
    __rt_lib_shutdown_signal_1               0x0800016f   Thumb Code     0  libshutdown2.o(.ARM.Collect$$libshutdown$$0000000A)
    __rt_lib_shutdown_stdio_1                0x0800016f   Thumb Code     0  libshutdown2.o(.ARM.Collect$$libshutdown$$00000004)
    __rt_lib_shutdown_user_alloc_1           0x0800016f   Thumb Code     0  libshutdown2.o(.ARM.Collect$$libshutdown$$0000000C)
    __rt_entry                               0x08000171   Thumb Code     0  __rtentry.o(.ARM.Collect$$rtentry$$00000000)
    __rt_entry_presh_1                       0x08000171   Thumb Code     0  __rtentry2.o(.ARM.Collect$$rtentry$$00000002)
    __rt_entry_sh                            0x08000171   Thumb Code     0  __rtentry4.o(.ARM.Collect$$rtentry$$00000004)
    __rt_entry_li                            0x08000177   Thumb Code     0  __rtentry2.o(.ARM.Collect$$rtentry$$0000000A)
    __rt_entry_postsh_1                      0x08000177   Thumb Code     0  __rtentry2.o(.ARM.Collect$$rtentry$$00000009)
    __rt_entry_main                          0x0800017b   Thumb Code     0  __rtentry2.o(.ARM.Collect$$rtentry$$0000000D)
    __rt_entry_postli_1                      0x0800017b   Thumb Code     0  __rtentry2.o(.ARM.Collect$$rtentry$$0000000C)
    __rt_exit                                0x08000183   Thumb Code     0  rtexit.o(.ARM.Collect$$rtexit$$00000000)
    __rt_exit_ls                             0x08000185   Thumb Code     0  rtexit2.o(.ARM.Collect$$rtexit$$00000003)
    __rt_exit_prels_1                        0x08000185   Thumb Code     0  rtexit2.o(.ARM.Collect$$rtexit$$00000002)
    __rt_exit_exit                           0x08000189   Thumb Code     0  rtexit2.o(.ARM.Collect$$rtexit$$00000004)
    Reset_Handler                            0x08000191   Thumb Code     8  startup_stm32f10x_md.o(.text)
    NMI_Handler                              0x08000199   Thumb Code     2  startup_stm32f10x_md.o(.text)
    HardFault_Handler                        0x0800019b   Thumb Code     2  startup_stm32f10x_md.o(.text)
    MemManage_Handler                        0x0800019d   Thumb Code     2  startup_stm32f10x_md.o(.text)
    BusFault_Handler                         0x0800019f   Thumb Code     2  startup_stm32f10x_md.o(.text)
    UsageFault_Handler                       0x080001a1   Thumb Code     2  startup_stm32f10x_md.o(.text)
    SVC_Handler                              0x080001a3   Thumb Code     2  startup_stm32f10x_md.o(.text)
    DebugMon_Handler                         0x080001a5   Thumb Code     2  startup_stm32f10x_md.o(.text)
    PendSV_Handler                           0x080001a7   Thumb Code     2  startup_stm32f10x_md.o(.text)
    ADC1_2_IRQHandler                        0x080001ab   Thumb Code     0  startup_stm32f10x_md.o(.text)
    CAN1_RX1_IRQHandler                      0x080001ab   Thumb Code     0  startup_stm32f10x_md.o(.text)
    CAN1_SCE_IRQHandler                      0x080001ab   Thumb Code     0  startup_stm32f10x_md.o(.text)
    DMA1_Channel1_IRQHandler                 0x080001ab   Thumb Code     0  startup_stm32f10x_md.o(.text)
    DMA1_Channel2_IRQHandler                 0x080001ab   Thumb Code     0  startup_stm32f10x_md.o(.text)
    DMA1_Channel3_IRQHandler                 0x080001ab   Thumb Code     0  startup_stm32f10x_md.o(.text)
    DMA1_Channel4_IRQHandler                 0x080001ab   Thumb Code     0  startup_stm32f10x_md.o(.text)
    DMA1_Channel5_IRQHandler                 0x080001ab   Thumb Code     0  startup_stm32f10x_md.o(.text)
    DMA1_Channel6_IRQHandler                 0x080001ab   Thumb Code     0  startup_stm32f10x_md.o(.text)
    DMA1_Channel7_IRQHandler                 0x080001ab   Thumb Code     0  startup_stm32f10x_md.o(.text)
    EXTI0_IRQHandler                         0x080001ab   Thumb Code     0  startup_stm32f10x_md.o(.text)
    EXTI1_IRQHandler                         0x080001ab   Thumb Code     0  startup_stm32f10x_md.o(.text)
    EXTI2_IRQHandler                         0x080001ab   Thumb Code     0  startup_stm32f10x_md.o(.text)
    EXTI3_IRQHandler                         0x080001ab   Thumb Code     0  startup_stm32f10x_md.o(.text)
    EXTI4_IRQHandler                         0x080001ab   Thumb Code     0  startup_stm32f10x_md.o(.text)
    EXTI9_5_IRQHandler                       0x080001ab   Thumb Code     0  startup_stm32f10x_md.o(.text)
    FLASH_IRQHandler                         0x080001ab   Thumb Code     0  startup_stm32f10x_md.o(.text)
    I2C1_ER_IRQHandler                       0x080001ab   Thumb Code     0  startup_stm32f10x_md.o(.text)
    I2C1_EV_IRQHandler                       0x080001ab   Thumb Code     0  startup_stm32f10x_md.o(.text)
    I2C2_ER_IRQHandler                       0x080001ab   Thumb Code     0  startup_stm32f10x_md.o(.text)
    I2C2_EV_IRQHandler                       0x080001ab   Thumb Code     0  startup_stm32f10x_md.o(.text)
    PVD_IRQHandler                           0x080001ab   Thumb Code     0  startup_stm32f10x_md.o(.text)
    RCC_IRQHandler                           0x080001ab   Thumb Code     0  startup_stm32f10x_md.o(.text)
    RTCAlarm_IRQHandler                      0x080001ab   Thumb Code     0  startup_stm32f10x_md.o(.text)
    RTC_IRQHandler                           0x080001ab   Thumb Code     0  startup_stm32f10x_md.o(.text)
    SPI1_IRQHandler                          0x080001ab   Thumb Code     0  startup_stm32f10x_md.o(.text)
    SPI2_IRQHandler                          0x080001ab   Thumb Code     0  startup_stm32f10x_md.o(.text)
    TAMPER_IRQHandler                        0x080001ab   Thumb Code     0  startup_stm32f10x_md.o(.text)
    TIM1_BRK_IRQHandler                      0x080001ab   Thumb Code     0  startup_stm32f10x_md.o(.text)
    TIM1_CC_IRQHandler                       0x080001ab   Thumb Code     0  startup_stm32f10x_md.o(.text)
    TIM1_TRG_COM_IRQHandler                  0x080001ab   Thumb Code     0  startup_stm32f10x_md.o(.text)
    TIM1_UP_IRQHandler                       0x080001ab   Thumb Code     0  startup_stm32f10x_md.o(.text)
    TIM2_IRQHandler                          0x080001ab   Thumb Code     0  startup_stm32f10x_md.o(.text)
    TIM3_IRQHandler                          0x080001ab   Thumb Code     0  startup_stm32f10x_md.o(.text)
    TIM4_IRQHandler                          0x080001ab   Thumb Code     0  startup_stm32f10x_md.o(.text)
    USART1_IRQHandler                        0x080001ab   Thumb Code     0  startup_stm32f10x_md.o(.text)
    USART2_IRQHandler                        0x080001ab   Thumb Code     0  startup_stm32f10x_md.o(.text)
    USART3_IRQHandler                        0x080001ab   Thumb Code     0  startup_stm32f10x_md.o(.text)
    USBWakeUp_IRQHandler                     0x080001ab   Thumb Code     0  startup_stm32f10x_md.o(.text)
    USB_HP_CAN1_TX_IRQHandler                0x080001ab   Thumb Code     0  startup_stm32f10x_md.o(.text)
    USB_LP_CAN1_RX0_IRQHandler               0x080001ab   Thumb Code     0  startup_stm32f10x_md.o(.text)
    WWDG_IRQHandler                          0x080001ab   Thumb Code     0  startup_stm32f10x_md.o(.text)
    __user_initial_stackheap                 0x080001ad   Thumb Code     0  startup_stm32f10x_md.o(.text)
    malloc                                   0x080001d1   Thumb Code    94  h1_alloc.o(.text)
    free                                     0x0800022f   Thumb Code    78  h1_free.o(.text)
    __aeabi_memcpy                           0x0800027d   Thumb Code     0  rt_memcpy_v6.o(.text)
    __rt_memcpy                              0x0800027d   Thumb Code   138  rt_memcpy_v6.o(.text)
    _memcpy_lastbytes                        0x080002e3   Thumb Code     0  rt_memcpy_v6.o(.text)
    mktime                                   0x08000347   Thumb Code   352  mktime.o(.text)
    __use_two_region_memory                  0x080004b1   Thumb Code     2  heapauxi.o(.text)
    __rt_heap_escrow                         0x080004b3   Thumb Code     2  heapauxi.o(.text)
    __rt_heap_expand                         0x080004b5   Thumb Code     2  heapauxi.o(.text)
    __rt_heap_descriptor                     0x080004b9   Thumb Code     8  rt_heap_descriptor_intlibspace.o(.text)
    __use_no_heap                            0x080004c1   Thumb Code     2  hguard.o(.text)
    __heap$guard                             0x080004c3   Thumb Code     2  hguard.o(.text)
    _terminate_user_alloc                    0x080004c5   Thumb Code     2  init_alloc.o(.text)
    _init_user_alloc                         0x080004c7   Thumb Code     2  init_alloc.o(.text)
    __Heap_Full                              0x080004c9   Thumb Code    34  init_alloc.o(.text)
    __Heap_Broken                            0x080004eb   Thumb Code     6  init_alloc.o(.text)
    _init_alloc                              0x080004f1   Thumb Code    94  init_alloc.o(.text)
    __Heap_Initialize                        0x0800054f   Thumb Code    10  h1_init.o(.text)
    __Heap_DescSize                          0x08000559   Thumb Code     4  h1_init.o(.text)
    __aeabi_memcpy4                          0x0800055d   Thumb Code     0  rt_memcpy_w.o(.text)
    __aeabi_memcpy8                          0x0800055d   Thumb Code     0  rt_memcpy_w.o(.text)
    __rt_memcpy_w                            0x0800055d   Thumb Code   100  rt_memcpy_w.o(.text)
    _memcpy_lastbytes_aligned                0x080005a5   Thumb Code     0  rt_memcpy_w.o(.text)
    __user_libspace                          0x080005c1   Thumb Code     8  libspace.o(.text)
    __user_perproc_libspace                  0x080005c1   Thumb Code     0  libspace.o(.text)
    __user_perthread_libspace                0x080005c1   Thumb Code     0  libspace.o(.text)
    __Heap_ProvideMemory                     0x080005c9   Thumb Code    52  h1_extend.o(.text)
    _maybe_terminate_alloc                   0x080005c9   Thumb Code     0  maybetermalloc1.o(.text)
    __rt_SIGRTMEM                            0x080005fd   Thumb Code    14  defsig_rtmem_outer.o(.text)
    __I$use$semihosting                      0x0800060b   Thumb Code     0  use_no_semi.o(.text)
    __use_no_semihosting_swi                 0x0800060b   Thumb Code     2  use_no_semi.o(.text)
    __semihosting_library_function           0x0800060d   Thumb Code     0  indicate_semi.o(.text)
    __user_setup_stackheap                   0x0800060d   Thumb Code    74  sys_stackheap_outer.o(.text)
    exit                                     0x08000657   Thumb Code    18  exit.o(.text)
    __sig_exit                               0x08000669   Thumb Code    10  defsig_exit.o(.text)
    __rt_SIGRTMEM_inner                      0x08000675   Thumb Code    22  defsig_rtmem_inner.o(.text)
    _sys_exit                                0x080006c5   Thumb Code     8  sys_exit.o(.text)
    __default_signal_display                 0x080006d1   Thumb Code    50  defsig_general.o(.text)
    _ttywrch                                 0x08000703   Thumb Code    14  sys_wrch.o(.text)
    CAN_FilterInit                           0x08000711   Thumb Code   172  stm32f10x_can.o(.text.CAN_FilterInit)
    CAN_Init                                 0x080007bd   Thumb Code   258  stm32f10x_can.o(.text.CAN_Init)
    CAN_MessagePending                       0x080008c1   Thumb Code    26  stm32f10x_can.o(.text.CAN_MessagePending)
    CAN_Receive                              0x080008dd   Thumb Code   160  stm32f10x_can.o(.text.CAN_Receive)
    CAN_SlaveStartBank                       0x0800097d   Thumb Code    44  stm32f10x_can.o(.text.CAN_SlaveStartBank)
    CAN_StructInit                           0x080009a9   Thumb Code    20  stm32f10x_can.o(.text.CAN_StructInit)
    CAN_Transmit                             0x080009bd   Thumb Code   162  stm32f10x_can.o(.text.CAN_Transmit)
    DS3231_ClearOSF                          0x08000a61   Thumb Code    20  ds3231.o(.text.DS3231_ClearOSF)
    DS3231_GetOSF                            0x08000a75   Thumb Code    14  ds3231.o(.text.DS3231_GetOSF)
    DS3231_GetTime                           0x08000a85   Thumb Code   104  ds3231.o(.text.DS3231_GetTime)
    DS3231_Init                              0x08000aed   Thumb Code    66  ds3231.o(.text.DS3231_Init)
    DelayMs                                  0x08000b31   Thumb Code    28  timer.o(.text.DelayMs)
    DelayUs                                  0x08000b4d   Thumb Code    22  timer.o(.text.DelayUs)
    EXTI15_10_IRQHandler                     0x08000b65   Thumb Code    14  bq76940.o(.text.EXTI15_10_IRQHandler)
    EXTI_Init                                0x08000b75   Thumb Code   104  stm32f10x_exti.o(.text.EXTI_Init)
    FLASH_ErasePage                          0x08000bdd   Thumb Code    64  stm32f10x_flash.o(.text.FLASH_ErasePage)
    FLASH_GetBank1Status                     0x08000c1d   Thumb Code    42  stm32f10x_flash.o(.text.FLASH_GetBank1Status)
    FLASH_Lock                               0x08000c49   Thumb Code    18  stm32f10x_flash.o(.text.FLASH_Lock)
    FLASH_PrefetchBufferCmd                  0x08000c5d   Thumb Code    24  stm32f10x_flash.o(.text.FLASH_PrefetchBufferCmd)
    FLASH_ProgramWord                        0x08000c75   Thumb Code    86  stm32f10x_flash.o(.text.FLASH_ProgramWord)
    FLASH_SetLatency                         0x08000ccd   Thumb Code    20  stm32f10x_flash.o(.text.FLASH_SetLatency)
    FLASH_Unlock                             0x08000ce1   Thumb Code    30  stm32f10x_flash.o(.text.FLASH_Unlock)
    FLASH_WaitForLastOperation               0x08000d01   Thumb Code    32  stm32f10x_flash.o(.text.FLASH_WaitForLastOperation)
    GPIO_EXTILineConfig                      0x08000d21   Thumb Code    46  stm32f10x_gpio.o(.text.GPIO_EXTILineConfig)
    GPIO_Init                                0x08000d51   Thumb Code   176  stm32f10x_gpio.o(.text.GPIO_Init)
    GetMsTickCount                           0x08000e01   Thumb Code    12  timer.o(.text.GetMsTickCount)
    I2C_AcknowledgeConfig                    0x08000e0d   Thumb Code    18  stm32f10x_i2c.o(.text.I2C_AcknowledgeConfig)
    I2C_CheckEvent                           0x08000e21   Thumb Code    22  stm32f10x_i2c.o(.text.I2C_CheckEvent)
    I2C_Cmd                                  0x08000e39   Thumb Code    18  stm32f10x_i2c.o(.text.I2C_Cmd)
    I2C_GenerateSTART                        0x08000e4d   Thumb Code    18  stm32f10x_i2c.o(.text.I2C_GenerateSTART)
    I2C_GenerateSTOP                         0x08000e61   Thumb Code    18  stm32f10x_i2c.o(.text.I2C_GenerateSTOP)
    I2C_GetFlagStatus                        0x08000e75   Thumb Code    48  stm32f10x_i2c.o(.text.I2C_GetFlagStatus)
    I2C_Init                                 0x08000ea5   Thumb Code   204  stm32f10x_i2c.o(.text.I2C_Init)
    I2C_ReceiveData                          0x08000f71   Thumb Code     6  stm32f10x_i2c.o(.text.I2C_ReceiveData)
    I2C_Send7bitAddress                      0x08000f79   Thumb Code    16  stm32f10x_i2c.o(.text.I2C_Send7bitAddress)
    I2C_SendData                             0x08000f89   Thumb Code     4  stm32f10x_i2c.o(.text.I2C_SendData)
    NVIC_Init                                0x08000f8d   Thumb Code    94  misc.o(.text.NVIC_Init)
    RCC_APB1PeriphClockCmd                   0x08000fed   Thumb Code    24  stm32f10x_rcc.o(.text.RCC_APB1PeriphClockCmd)
    RCC_APB2PeriphClockCmd                   0x08001005   Thumb Code    24  stm32f10x_rcc.o(.text.RCC_APB2PeriphClockCmd)
    RCC_GetClocksFreq                        0x0800101d   Thumb Code   160  stm32f10x_rcc.o(.text.RCC_GetClocksFreq)
    SysTickInit                              0x08001185   Thumb Code    42  timer.o(.text.SysTickInit)
    SysTick_Handler                          0x080011d9   Thumb Code    60  timer.o(.text.SysTick_Handler)
    SystemCoreClockUpdate                    0x08001215   Thumb Code   110  system_stm32f10x.o(.text.SystemCoreClockUpdate)
    SystemInit                               0x08001285   Thumb Code    86  system_stm32f10x.o(.text.SystemInit)
    bms_auto_adjusts_temp                    0x0800134d   Thumb Code     2  bms.o(.text.bms_auto_adjusts_temp)
    bms_auto_balancing                       0x08001351   Thumb Code   240  bms.o(.text.bms_auto_balancing)
    bms_error_handle                         0x08001489   Thumb Code   102  bms.o(.text.bms_error_handle)
    bms_init_system                          0x080014f1   Thumb Code    12  bms.o(.text.bms_init_system)
    bms_process_push_notify                  0x080014fd   Thumb Code    92  bms.o(.text.bms_process_push_notify)
    bms_receive_data_callback                0x08001559   Thumb Code    26  bms.o(.text.bms_receive_data_callback)
    bq34z100_get_average_current             0x08001639   Thumb Code    10  bq34z100.o(.text.bq34z100_get_average_current)
    bq34z100_get_flags                       0x08001645   Thumb Code    10  bq34z100.o(.text.bq34z100_get_flags)
    bq34z100_get_power                       0x08001651   Thumb Code    10  bq34z100.o(.text.bq34z100_get_power)
    bq34z100_get_soc                         0x0800165d   Thumb Code    10  bq34z100.o(.text.bq34z100_get_soc)
    bq34z100_get_soh                         0x08001669   Thumb Code    10  bq34z100.o(.text.bq34z100_get_soh)
    bq34z100_get_temperature                 0x08001675   Thumb Code    10  bq34z100.o(.text.bq34z100_get_temperature)
    bq76940_alert_clear_flag                 0x080016b9   Thumb Code    24  bq76940.o(.text.bq76940_alert_clear_flag)
    bq76940_alert_get_flag                   0x08001731   Thumb Code    12  bq76940.o(.text.bq76940_alert_get_flag)
    bq76940_cell_balancing                   0x0800173d   Thumb Code    60  bq76940.o(.text.bq76940_cell_balancing)
    bq76940_clear_balance_reg                0x08001779   Thumb Code    22  bq76940.o(.text.bq76940_clear_balance_reg)
    bq76940_error_check                      0x08001791   Thumb Code    14  bq76940.o(.text.bq76940_error_check)
    bq76940_get_charger                      0x080017a1   Thumb Code    14  bq76940.o(.text.bq76940_get_charger)
    bq76940_get_discharger                   0x080017b1   Thumb Code    14  bq76940.o(.text.bq76940_get_discharger)
    bq76940_init                             0x080017c1   Thumb Code   128  bq76940.o(.text.bq76940_init)
    bq76940_read_adc_gain                    0x08001841   Thumb Code    32  bq76940.o(.text.bq76940_read_adc_gain)
    bq76940_read_adc_offset                  0x08001861   Thumb Code    10  bq76940.o(.text.bq76940_read_adc_offset)
    bq76940_read_all_cell_voltage            0x0800186d   Thumb Code    38  bq76940.o(.text.bq76940_read_all_cell_voltage)
    bq76940_read_cell_voltage                0x080018dd   Thumb Code    52  bq76940.o(.text.bq76940_read_cell_voltage)
    bq76940_read_pack_voltage                0x08001911   Thumb Code    60  bq76940.o(.text.bq76940_read_pack_voltage)
    bq76940_set_charger                      0x08001965   Thumb Code    30  bq76940.o(.text.bq76940_set_charger)
    bq76940_set_discharger                   0x08001985   Thumb Code    30  bq76940.o(.text.bq76940_set_discharger)
    bq76940_set_ov_trip                      0x080019a5   Thumb Code    16  bq76940.o(.text.bq76940_set_ov_trip)
    canbus_init                              0x080019ed   Thumb Code    72  canbus.o(.text.canbus_init)
    canbus_process_receive_data              0x08001a35   Thumb Code    66  canbus.o(.text.canbus_process_receive_data)
    canbus_transmit                          0x08001a79   Thumb Code    54  canbus.o(.text.canbus_transmit)
    crc8                                     0x08001ab1   Thumb Code    64  crc8.o(.text.crc8)
    ds3231_read_byte                         0x08001af1   Thumb Code    30  ds3231.o(.text.ds3231_read_byte)
    ds3231_write_byte                        0x08001b11   Thumb Code    14  ds3231.o(.text.ds3231_write_byte)
    flash_erase_page                         0x08001b21   Thumb Code    20  flash.o(.text.flash_erase_page)
    flash_init                               0x08001b35   Thumb Code    16  flash.o(.text.flash_init)
    flash_read                               0x08001b45   Thumb Code     4  flash.o(.text.flash_read)
    flash_write                              0x08001b49   Thumb Code    24  flash.o(.text.flash_write)
    hwi2c_init                               0x08001bf1   Thumb Code   100  hwi2c.o(.text.hwi2c_init)
    hwi2c_read_byte                          0x08001c55   Thumb Code    54  hwi2c.o(.text.hwi2c_read_byte)
    hwi2c_read_sequence                      0x08001c8d   Thumb Code    88  hwi2c.o(.text.hwi2c_read_sequence)
    hwi2c_write_byte                         0x08001e69   Thumb Code    40  hwi2c.o(.text.hwi2c_write_byte)
    hwi2c_write_sequence                     0x08001e91   Thumb Code    56  hwi2c.o(.text.hwi2c_write_sequence)
    log_init                                 0x08001ec9   Thumb Code    16  log.o(.text.log_init)
    log_load_data                            0x08001ed9   Thumb Code    80  log.o(.text.log_load_data)
    log_save_data                            0x08001f29   Thumb Code    68  log.o(.text.log_save_data)
    main                                     0x08001f6d   Thumb Code    50  main.o(.text.main)
    process_timer_events                     0x08001fb1   Thumb Code    94  systimer.o(.text.process_timer_events)
    rtc_get_date_time                        0x08002011   Thumb Code    40  rtc.o(.text.rtc_get_date_time)
    rtc_get_time_stamp                       0x08002039   Thumb Code    88  rtc.o(.text.rtc_get_time_stamp)
    start_timer                              0x08002091   Thumb Code   106  systimer.o(.text.start_timer)
    _monlen                                  0x080020fa   Data          12  _monlen.o(.constdata)
    AHBPrescTable                            0x0800210a   Data          16  system_stm32f10x.o(.rodata.AHBPrescTable)
    Region$$Table$$Base                      0x0800212c   Number         0  anon$$obj.o(Region$$Table)
    Region$$Table$$Limit                     0x0800214c   Number         0  anon$$obj.o(Region$$Table)
    SystemCoreClock                          0x20000000   Data           4  system_stm32f10x.o(.data.SystemCoreClock)
    __libspace_start                         0x20000008   Data          96  libspace.o(.bss)
    __temporary_stack_top$libspace           0x20000068   Data           0  libspace.o(.bss)
    adc_gain                                 0x200000c4   Data           4  bq76940.o(.bss.adc_gain)
    adc_offset                               0x200000c8   Data           4  bq76940.o(.bss.adc_offset)



==============================================================================

Memory Map of the image

  Image Entry point : 0x080000ed

  Load Region LR_IROM1 (Base: 0x08000000, Size: 0x00002158, Max: 0x00010000, ABSOLUTE)

    Execution Region ER_IROM1 (Exec base: 0x08000000, Load base: 0x08000000, Size: 0x0000214c, Max: 0x00010000, ABSOLUTE)

    Exec Addr    Load Addr    Size         Type   Attr      Idx    E Section Name        Object

    0x08000000   0x08000000   0x000000ec   Data   RO         1497    RESET               startup_stm32f10x_md.o
    0x080000ec   0x080000ec   0x00000008   Code   RO         1594  * !!!main             c_w.l(__main.o)
    0x080000f4   0x080000f4   0x00000034   Code   RO         1802    !!!scatter          c_w.l(__scatter.o)
    0x08000128   0x08000128   0x0000001a   Code   RO         1804    !!handler_copy      c_w.l(__scatter_copy.o)
    0x08000142   0x08000142   0x00000002   PAD
    0x08000144   0x08000144   0x0000001c   Code   RO         1806    !!handler_zi        c_w.l(__scatter_zi.o)
    0x08000160   0x08000160   0x00000002   Code   RO         1737    .ARM.Collect$$libinit$$00000000  c_w.l(libinit.o)
    0x08000162   0x08000162   0x00000000   Code   RO         1628    .ARM.Collect$$libinit$$00000002  c_w.l(libinit2.o)
    0x08000162   0x08000162   0x00000000   Code   RO         1630    .ARM.Collect$$libinit$$00000004  c_w.l(libinit2.o)
    0x08000162   0x08000162   0x00000008   Code   RO         1631    .ARM.Collect$$libinit$$00000005  c_w.l(libinit2.o)
    0x0800016a   0x0800016a   0x00000000   Code   RO         1633    .ARM.Collect$$libinit$$0000000A  c_w.l(libinit2.o)
    0x0800016a   0x0800016a   0x00000000   Code   RO         1635    .ARM.Collect$$libinit$$0000000C  c_w.l(libinit2.o)
    0x0800016a   0x0800016a   0x00000000   Code   RO         1637    .ARM.Collect$$libinit$$0000000E  c_w.l(libinit2.o)
    0x0800016a   0x0800016a   0x00000000   Code   RO         1640    .ARM.Collect$$libinit$$00000011  c_w.l(libinit2.o)
    0x0800016a   0x0800016a   0x00000000   Code   RO         1642    .ARM.Collect$$libinit$$00000013  c_w.l(libinit2.o)
    0x0800016a   0x0800016a   0x00000000   Code   RO         1644    .ARM.Collect$$libinit$$00000015  c_w.l(libinit2.o)
    0x0800016a   0x0800016a   0x00000000   Code   RO         1646    .ARM.Collect$$libinit$$00000017  c_w.l(libinit2.o)
    0x0800016a   0x0800016a   0x00000000   Code   RO         1648    .ARM.Collect$$libinit$$00000019  c_w.l(libinit2.o)
    0x0800016a   0x0800016a   0x00000000   Code   RO         1650    .ARM.Collect$$libinit$$0000001B  c_w.l(libinit2.o)
    0x0800016a   0x0800016a   0x00000000   Code   RO         1652    .ARM.Collect$$libinit$$0000001D  c_w.l(libinit2.o)
    0x0800016a   0x0800016a   0x00000000   Code   RO         1654    .ARM.Collect$$libinit$$0000001F  c_w.l(libinit2.o)
    0x0800016a   0x0800016a   0x00000000   Code   RO         1656    .ARM.Collect$$libinit$$00000021  c_w.l(libinit2.o)
    0x0800016a   0x0800016a   0x00000000   Code   RO         1658    .ARM.Collect$$libinit$$00000023  c_w.l(libinit2.o)
    0x0800016a   0x0800016a   0x00000000   Code   RO         1660    .ARM.Collect$$libinit$$00000025  c_w.l(libinit2.o)
    0x0800016a   0x0800016a   0x00000000   Code   RO         1664    .ARM.Collect$$libinit$$0000002C  c_w.l(libinit2.o)
    0x0800016a   0x0800016a   0x00000000   Code   RO         1666    .ARM.Collect$$libinit$$0000002E  c_w.l(libinit2.o)
    0x0800016a   0x0800016a   0x00000000   Code   RO         1668    .ARM.Collect$$libinit$$00000030  c_w.l(libinit2.o)
    0x0800016a   0x0800016a   0x00000000   Code   RO         1670    .ARM.Collect$$libinit$$00000032  c_w.l(libinit2.o)
    0x0800016a   0x0800016a   0x00000002   Code   RO         1671    .ARM.Collect$$libinit$$00000033  c_w.l(libinit2.o)
    0x0800016c   0x0800016c   0x00000002   Code   RO         1799    .ARM.Collect$$libshutdown$$00000000  c_w.l(libshutdown.o)
    0x0800016e   0x0800016e   0x00000000   Code   RO         1753    .ARM.Collect$$libshutdown$$00000002  c_w.l(libshutdown2.o)
    0x0800016e   0x0800016e   0x00000000   Code   RO         1755    .ARM.Collect$$libshutdown$$00000004  c_w.l(libshutdown2.o)
    0x0800016e   0x0800016e   0x00000000   Code   RO         1758    .ARM.Collect$$libshutdown$$00000007  c_w.l(libshutdown2.o)
    0x0800016e   0x0800016e   0x00000000   Code   RO         1761    .ARM.Collect$$libshutdown$$0000000A  c_w.l(libshutdown2.o)
    0x0800016e   0x0800016e   0x00000000   Code   RO         1763    .ARM.Collect$$libshutdown$$0000000C  c_w.l(libshutdown2.o)
    0x0800016e   0x0800016e   0x00000000   Code   RO         1766    .ARM.Collect$$libshutdown$$0000000F  c_w.l(libshutdown2.o)
    0x0800016e   0x0800016e   0x00000002   Code   RO         1767    .ARM.Collect$$libshutdown$$00000010  c_w.l(libshutdown2.o)
    0x08000170   0x08000170   0x00000000   Code   RO         1598    .ARM.Collect$$rtentry$$00000000  c_w.l(__rtentry.o)
    0x08000170   0x08000170   0x00000000   Code   RO         1680    .ARM.Collect$$rtentry$$00000002  c_w.l(__rtentry2.o)
    0x08000170   0x08000170   0x00000006   Code   RO         1692    .ARM.Collect$$rtentry$$00000004  c_w.l(__rtentry4.o)
    0x08000176   0x08000176   0x00000000   Code   RO         1682    .ARM.Collect$$rtentry$$00000009  c_w.l(__rtentry2.o)
    0x08000176   0x08000176   0x00000004   Code   RO         1683    .ARM.Collect$$rtentry$$0000000A  c_w.l(__rtentry2.o)
    0x0800017a   0x0800017a   0x00000000   Code   RO         1685    .ARM.Collect$$rtentry$$0000000C  c_w.l(__rtentry2.o)
    0x0800017a   0x0800017a   0x00000008   Code   RO         1686    .ARM.Collect$$rtentry$$0000000D  c_w.l(__rtentry2.o)
    0x08000182   0x08000182   0x00000002   Code   RO         1742    .ARM.Collect$$rtexit$$00000000  c_w.l(rtexit.o)
    0x08000184   0x08000184   0x00000000   Code   RO         1773    .ARM.Collect$$rtexit$$00000002  c_w.l(rtexit2.o)
    0x08000184   0x08000184   0x00000004   Code   RO         1774    .ARM.Collect$$rtexit$$00000003  c_w.l(rtexit2.o)
    0x08000188   0x08000188   0x00000006   Code   RO         1775    .ARM.Collect$$rtexit$$00000004  c_w.l(rtexit2.o)
    0x0800018e   0x0800018e   0x00000002   PAD
    0x08000190   0x08000190   0x00000040   Code   RO         1498    .text               startup_stm32f10x_md.o
    0x080001d0   0x080001d0   0x0000005e   Code   RO         1528    .text               c_w.l(h1_alloc.o)
    0x0800022e   0x0800022e   0x0000004e   Code   RO         1530    .text               c_w.l(h1_free.o)
    0x0800027c   0x0800027c   0x0000008a   Code   RO         1586    .text               c_w.l(rt_memcpy_v6.o)
    0x08000306   0x08000306   0x00000002   PAD
    0x08000308   0x08000308   0x000001a8   Code   RO         1590    .text               c_w.l(mktime.o)
    0x080004b0   0x080004b0   0x00000006   Code   RO         1592    .text               c_w.l(heapauxi.o)
    0x080004b6   0x080004b6   0x00000002   PAD
    0x080004b8   0x080004b8   0x00000008   Code   RO         1602    .text               c_w.l(rt_heap_descriptor_intlibspace.o)
    0x080004c0   0x080004c0   0x00000004   Code   RO         1604    .text               c_w.l(hguard.o)
    0x080004c4   0x080004c4   0x0000008a   Code   RO         1606    .text               c_w.l(init_alloc.o)
    0x0800054e   0x0800054e   0x0000000e   Code   RO         1610    .text               c_w.l(h1_init.o)
    0x0800055c   0x0800055c   0x00000064   Code   RO         1622    .text               c_w.l(rt_memcpy_w.o)
    0x080005c0   0x080005c0   0x00000008   Code   RO         1676    .text               c_w.l(libspace.o)
    0x080005c8   0x080005c8   0x00000000   Code   RO         1696    .text               c_w.l(maybetermalloc1.o)
    0x080005c8   0x080005c8   0x00000034   Code   RO         1698    .text               c_w.l(h1_extend.o)
    0x080005fc   0x080005fc   0x0000000e   Code   RO         1702    .text               c_w.l(defsig_rtmem_outer.o)
    0x0800060a   0x0800060a   0x00000002   Code   RO         1713    .text               c_w.l(use_no_semi.o)
    0x0800060c   0x0800060c   0x00000000   Code   RO         1715    .text               c_w.l(indicate_semi.o)
    0x0800060c   0x0800060c   0x0000004a   Code   RO         1716    .text               c_w.l(sys_stackheap_outer.o)
    0x08000656   0x08000656   0x00000012   Code   RO         1722    .text               c_w.l(exit.o)
    0x08000668   0x08000668   0x0000000a   Code   RO         1724    .text               c_w.l(defsig_exit.o)
    0x08000672   0x08000672   0x00000002   PAD
    0x08000674   0x08000674   0x00000050   Code   RO         1726    .text               c_w.l(defsig_rtmem_inner.o)
    0x080006c4   0x080006c4   0x0000000c   Code   RO         1738    .text               c_w.l(sys_exit.o)
    0x080006d0   0x080006d0   0x00000032   Code   RO         1750    .text               c_w.l(defsig_general.o)
    0x08000702   0x08000702   0x0000000e   Code   RO         1768    .text               c_w.l(sys_wrch.o)
    0x08000710   0x08000710   0x000000ac   Code   RO          500    .text.CAN_FilterInit  stm32f10x_can.o
    0x080007bc   0x080007bc   0x00000102   Code   RO          498    .text.CAN_Init      stm32f10x_can.o
    0x080008be   0x080008be   0x00000002   PAD
    0x080008c0   0x080008c0   0x0000001a   Code   RO          520    .text.CAN_MessagePending  stm32f10x_can.o
    0x080008da   0x080008da   0x00000002   PAD
    0x080008dc   0x080008dc   0x000000a0   Code   RO          516    .text.CAN_Receive   stm32f10x_can.o
    0x0800097c   0x0800097c   0x0000002c   Code   RO          504    .text.CAN_SlaveStartBank  stm32f10x_can.o
    0x080009a8   0x080009a8   0x00000014   Code   RO          502    .text.CAN_StructInit  stm32f10x_can.o
    0x080009bc   0x080009bc   0x000000a2   Code   RO          510    .text.CAN_Transmit  stm32f10x_can.o
    0x08000a5e   0x08000a5e   0x00000002   PAD
    0x08000a60   0x08000a60   0x00000014   Code   RO          283    .text.DS3231_ClearOSF  ds3231.o
    0x08000a74   0x08000a74   0x0000000e   Code   RO          281    .text.DS3231_GetOSF  ds3231.o
    0x08000a82   0x08000a82   0x00000002   PAD
    0x08000a84   0x08000a84   0x00000068   Code   RO          285    .text.DS3231_GetTime  ds3231.o
    0x08000aec   0x08000aec   0x00000042   Code   RO          279    .text.DS3231_Init   ds3231.o
    0x08000b2e   0x08000b2e   0x00000002   PAD
    0x08000b30   0x08000b30   0x0000001c   Code   RO          146    .text.DelayMs       timer.o
    0x08000b4c   0x08000b4c   0x00000016   Code   RO          144    .text.DelayUs       timer.o
    0x08000b62   0x08000b62   0x00000002   PAD
    0x08000b64   0x08000b64   0x0000000e   Code   RO          214    .text.EXTI15_10_IRQHandler  bq76940.o
    0x08000b72   0x08000b72   0x00000002   PAD
    0x08000b74   0x08000b74   0x00000068   Code   RO          688    .text.EXTI_Init     stm32f10x_exti.o
    0x08000bdc   0x08000bdc   0x00000040   Code   RO          724    .text.FLASH_ErasePage  stm32f10x_flash.o
    0x08000c1c   0x08000c1c   0x0000002a   Code   RO          764    .text.FLASH_GetBank1Status  stm32f10x_flash.o
    0x08000c46   0x08000c46   0x00000002   PAD
    0x08000c48   0x08000c48   0x00000012   Code   RO          720    .text.FLASH_Lock    stm32f10x_flash.o
    0x08000c5a   0x08000c5a   0x00000002   PAD
    0x08000c5c   0x08000c5c   0x00000018   Code   RO          714    .text.FLASH_PrefetchBufferCmd  stm32f10x_flash.o
    0x08000c74   0x08000c74   0x00000056   Code   RO          738    .text.FLASH_ProgramWord  stm32f10x_flash.o
    0x08000cca   0x08000cca   0x00000002   PAD
    0x08000ccc   0x08000ccc   0x00000014   Code   RO          710    .text.FLASH_SetLatency  stm32f10x_flash.o
    0x08000ce0   0x08000ce0   0x0000001e   Code   RO          716    .text.FLASH_Unlock  stm32f10x_flash.o
    0x08000cfe   0x08000cfe   0x00000002   PAD
    0x08000d00   0x08000d00   0x00000020   Code   RO          726    .text.FLASH_WaitForLastOperation  stm32f10x_flash.o
    0x08000d20   0x08000d20   0x0000002e   Code   RO          852    .text.GPIO_EXTILineConfig  stm32f10x_gpio.o
    0x08000d4e   0x08000d4e   0x00000002   PAD
    0x08000d50   0x08000d50   0x000000b0   Code   RO          824    .text.GPIO_Init     stm32f10x_gpio.o
    0x08000e00   0x08000e00   0x0000000c   Code   RO          150    .text.GetMsTickCount  timer.o
    0x08000e0c   0x08000e0c   0x00000012   Code   RO          880    .text.I2C_AcknowledgeConfig  stm32f10x_i2c.o
    0x08000e1e   0x08000e1e   0x00000002   PAD
    0x08000e20   0x08000e20   0x00000016   Code   RO          918    .text.I2C_CheckEvent  stm32f10x_i2c.o
    0x08000e36   0x08000e36   0x00000002   PAD
    0x08000e38   0x08000e38   0x00000012   Code   RO          870    .text.I2C_Cmd       stm32f10x_i2c.o
    0x08000e4a   0x08000e4a   0x00000002   PAD
    0x08000e4c   0x08000e4c   0x00000012   Code   RO          876    .text.I2C_GenerateSTART  stm32f10x_i2c.o
    0x08000e5e   0x08000e5e   0x00000002   PAD
    0x08000e60   0x08000e60   0x00000012   Code   RO          878    .text.I2C_GenerateSTOP  stm32f10x_i2c.o
    0x08000e72   0x08000e72   0x00000002   PAD
    0x08000e74   0x08000e74   0x00000030   Code   RO          922    .text.I2C_GetFlagStatus  stm32f10x_i2c.o
    0x08000ea4   0x08000ea4   0x000000cc   Code   RO          866    .text.I2C_Init      stm32f10x_i2c.o
    0x08000f70   0x08000f70   0x00000006   Code   RO          892    .text.I2C_ReceiveData  stm32f10x_i2c.o
    0x08000f76   0x08000f76   0x00000002   PAD
    0x08000f78   0x08000f78   0x00000010   Code   RO          894    .text.I2C_Send7bitAddress  stm32f10x_i2c.o
    0x08000f88   0x08000f88   0x00000004   Code   RO          890    .text.I2C_SendData  stm32f10x_i2c.o
    0x08000f8c   0x08000f8c   0x0000005e   Code   RO          368    .text.NVIC_Init     misc.o
    0x08000fea   0x08000fea   0x00000002   PAD
    0x08000fec   0x08000fec   0x00000018   Code   RO         1030    .text.RCC_APB1PeriphClockCmd  stm32f10x_rcc.o
    0x08001004   0x08001004   0x00000018   Code   RO         1028    .text.RCC_APB2PeriphClockCmd  stm32f10x_rcc.o
    0x0800101c   0x0800101c   0x000000a0   Code   RO         1024    .text.RCC_GetClocksFreq  stm32f10x_rcc.o
    0x080010bc   0x080010bc   0x00000008   Code   RO         1507    .text.SetSysClock   system_stm32f10x.o
    0x080010c4   0x080010c4   0x000000be   Code   RO         1511    .text.SetSysClockTo72  system_stm32f10x.o
    0x08001182   0x08001182   0x00000002   PAD
    0x08001184   0x08001184   0x0000002a   Code   RO          138    .text.SysTickInit   timer.o
    0x080011ae   0x080011ae   0x00000002   PAD
    0x080011b0   0x080011b0   0x00000026   Code   RO          140    .text.SysTick_Config  timer.o
    0x080011d6   0x080011d6   0x00000002   PAD
    0x080011d8   0x080011d8   0x0000003c   Code   RO          136    .text.SysTick_Handler  timer.o
    0x08001214   0x08001214   0x0000006e   Code   RO         1509    .text.SystemCoreClockUpdate  system_stm32f10x.o
    0x08001282   0x08001282   0x00000002   PAD
    0x08001284   0x08001284   0x00000056   Code   RO         1505    .text.SystemInit    system_stm32f10x.o
    0x080012da   0x080012da   0x00000002   PAD
    0x080012dc   0x080012dc   0x00000028   Code   RO          206    .text.Voltage2ADC   bq76940.o
    0x08001304   0x08001304   0x0000000e   Code   RO          142    .text.__NVIC_SetPriority  timer.o
    0x08001312   0x08001312   0x00000002   PAD
    0x08001314   0x08001314   0x00000026   Code   RO           31    .text.balance_enter_lck  bms.o
    0x0800133a   0x0800133a   0x00000002   PAD
    0x0800133c   0x0800133c   0x0000000e   Code   RO           47    .text.balance_release_lck  bms.o
    0x0800134a   0x0800134a   0x00000002   PAD
    0x0800134c   0x0800134c   0x00000002   Code   RO           39    .text.bms_auto_adjusts_temp  bms.o
    0x0800134e   0x0800134e   0x00000002   PAD
    0x08001350   0x08001350   0x000000f0   Code   RO           27    .text.bms_auto_balancing  bms.o
    0x08001440   0x08001440   0x00000032   Code   RO           43    .text.bms_cmd_log_handle  bms.o
    0x08001472   0x08001472   0x00000002   PAD
    0x08001474   0x08001474   0x00000014   Code   RO           45    .text.bms_cmd_state_handle  bms.o
    0x08001488   0x08001488   0x00000066   Code   RO           23    .text.bms_error_handle  bms.o
    0x080014ee   0x080014ee   0x00000002   PAD
    0x080014f0   0x080014f0   0x0000000c   Code   RO           21    .text.bms_init_system  bms.o
    0x080014fc   0x080014fc   0x0000005c   Code   RO           35    .text.bms_process_push_notify  bms.o
    0x08001558   0x08001558   0x0000001a   Code   RO           41    .text.bms_receive_data_callback  bms.o
    0x08001572   0x08001572   0x00000002   PAD
    0x08001574   0x08001574   0x0000003e   Code   RO           25    .text.bms_set_state_battery  bms.o
    0x080015b2   0x080015b2   0x00000002   PAD
    0x080015b4   0x080015b4   0x00000082   Code   RO           29    .text.bms_update_info  bms.o
    0x08001636   0x08001636   0x00000002   PAD
    0x08001638   0x08001638   0x0000000a   Code   RO          247    .text.bq34z100_get_average_current  bq34z100.o
    0x08001642   0x08001642   0x00000002   PAD
    0x08001644   0x08001644   0x0000000a   Code   RO          251    .text.bq34z100_get_flags  bq34z100.o
    0x0800164e   0x0800164e   0x00000002   PAD
    0x08001650   0x08001650   0x0000000a   Code   RO          255    .text.bq34z100_get_power  bq34z100.o
    0x0800165a   0x0800165a   0x00000002   PAD
    0x0800165c   0x0800165c   0x0000000a   Code   RO          237    .text.bq34z100_get_soc  bq34z100.o
    0x08001666   0x08001666   0x00000002   PAD
    0x08001668   0x08001668   0x0000000a   Code   RO          257    .text.bq34z100_get_soh  bq34z100.o
    0x08001672   0x08001672   0x00000002   PAD
    0x08001674   0x08001674   0x0000000a   Code   RO          249    .text.bq34z100_get_temperature  bq34z100.o
    0x0800167e   0x0800167e   0x00000002   PAD
    0x08001680   0x08001680   0x0000001e   Code   RO          261    .text.bq34z100_read_byte  bq34z100.o
    0x0800169e   0x0800169e   0x00000002   PAD
    0x080016a0   0x080016a0   0x00000018   Code   RO          239    .text.bq34z100_read_word  bq34z100.o
    0x080016b8   0x080016b8   0x00000018   Code   RO          212    .text.bq76940_alert_clear_flag  bq76940.o
    0x080016d0   0x080016d0   0x00000060   Code   RO          166    .text.bq76940_alert_extint_init  bq76940.o
    0x08001730   0x08001730   0x0000000c   Code   RO          210    .text.bq76940_alert_get_flag  bq76940.o
    0x0800173c   0x0800173c   0x0000003c   Code   RO          190    .text.bq76940_cell_balancing  bq76940.o
    0x08001778   0x08001778   0x00000016   Code   RO          192    .text.bq76940_clear_balance_reg  bq76940.o
    0x0800178e   0x0800178e   0x00000002   PAD
    0x08001790   0x08001790   0x0000000e   Code   RO          204    .text.bq76940_error_check  bq76940.o
    0x0800179e   0x0800179e   0x00000002   PAD
    0x080017a0   0x080017a0   0x0000000e   Code   RO          196    .text.bq76940_get_charger  bq76940.o
    0x080017ae   0x080017ae   0x00000002   PAD
    0x080017b0   0x080017b0   0x0000000e   Code   RO          200    .text.bq76940_get_discharger  bq76940.o
    0x080017be   0x080017be   0x00000002   PAD
    0x080017c0   0x080017c0   0x00000080   Code   RO          164    .text.bq76940_init  bq76940.o
    0x08001840   0x08001840   0x00000020   Code   RO          170    .text.bq76940_read_adc_gain  bq76940.o
    0x08001860   0x08001860   0x0000000a   Code   RO          172    .text.bq76940_read_adc_offset  bq76940.o
    0x0800186a   0x0800186a   0x00000002   PAD
    0x0800186c   0x0800186c   0x00000026   Code   RO          184    .text.bq76940_read_all_cell_voltage  bq76940.o
    0x08001892   0x08001892   0x00000002   PAD
    0x08001894   0x08001894   0x00000048   Code   RO          176    .text.bq76940_read_byte  bq76940.o
    0x080018dc   0x080018dc   0x00000034   Code   RO          182    .text.bq76940_read_cell_voltage  bq76940.o
    0x08001910   0x08001910   0x0000003c   Code   RO          178    .text.bq76940_read_pack_voltage  bq76940.o
    0x0800194c   0x0800194c   0x00000018   Code   RO          180    .text.bq76940_read_word  bq76940.o
    0x08001964   0x08001964   0x0000001e   Code   RO          194    .text.bq76940_set_charger  bq76940.o
    0x08001982   0x08001982   0x00000002   PAD
    0x08001984   0x08001984   0x0000001e   Code   RO          198    .text.bq76940_set_discharger  bq76940.o
    0x080019a2   0x080019a2   0x00000002   PAD
    0x080019a4   0x080019a4   0x00000010   Code   RO          174    .text.bq76940_set_ov_trip  bq76940.o
    0x080019b4   0x080019b4   0x00000036   Code   RO          168    .text.bq76940_write_byte  bq76940.o
    0x080019ea   0x080019ea   0x00000002   PAD
    0x080019ec   0x080019ec   0x00000048   Code   RO           89    .text.canbus_init   canbus.o
    0x08001a34   0x08001a34   0x00000042   Code   RO           93    .text.canbus_process_receive_data  canbus.o
    0x08001a76   0x08001a76   0x00000002   PAD
    0x08001a78   0x08001a78   0x00000036   Code   RO           91    .text.canbus_transmit  canbus.o
    0x08001aae   0x08001aae   0x00000002   PAD
    0x08001ab0   0x08001ab0   0x00000040   Code   RO          227    .text.crc8          crc8.o
    0x08001af0   0x08001af0   0x0000001e   Code   RO          275    .text.ds3231_read_byte  ds3231.o
    0x08001b0e   0x08001b0e   0x00000002   PAD
    0x08001b10   0x08001b10   0x0000000e   Code   RO          277    .text.ds3231_write_byte  ds3231.o
    0x08001b1e   0x08001b1e   0x00000002   PAD
    0x08001b20   0x08001b20   0x00000014   Code   RO          347    .text.flash_erase_page  flash.o
    0x08001b34   0x08001b34   0x00000010   Code   RO          341    .text.flash_init    flash.o
    0x08001b44   0x08001b44   0x00000004   Code   RO          343    .text.flash_read    flash.o
    0x08001b48   0x08001b48   0x00000018   Code   RO          345    .text.flash_write   flash.o
    0x08001b60   0x08001b60   0x0000001c   Code   RO           33    .text.group_check_cell_valid  bms.o
    0x08001b7c   0x08001b7c   0x00000074   Code   RO          111    .text.hwi2c_address_direction  hwi2c.o
    0x08001bf0   0x08001bf0   0x00000064   Code   RO          105    .text.hwi2c_init    hwi2c.o
    0x08001c54   0x08001c54   0x00000036   Code   RO          119    .text.hwi2c_read_byte  hwi2c.o
    0x08001c8a   0x08001c8a   0x00000002   PAD
    0x08001c8c   0x08001c8c   0x00000058   Code   RO          123    .text.hwi2c_read_sequence  hwi2c.o
    0x08001ce4   0x08001ce4   0x0000004a   Code   RO          125    .text.hwi2c_receive_ack  hwi2c.o
    0x08001d2e   0x08001d2e   0x00000002   PAD
    0x08001d30   0x08001d30   0x0000004a   Code   RO          121    .text.hwi2c_receive_nack  hwi2c.o
    0x08001d7a   0x08001d7a   0x00000002   PAD
    0x08001d7c   0x08001d7c   0x00000064   Code   RO          109    .text.hwi2c_start   hwi2c.o
    0x08001de0   0x08001de0   0x00000044   Code   RO          115    .text.hwi2c_stop    hwi2c.o
    0x08001e24   0x08001e24   0x00000044   Code   RO          113    .text.hwi2c_transmit  hwi2c.o
    0x08001e68   0x08001e68   0x00000028   Code   RO          107    .text.hwi2c_write_byte  hwi2c.o
    0x08001e90   0x08001e90   0x00000038   Code   RO          117    .text.hwi2c_write_sequence  hwi2c.o
    0x08001ec8   0x08001ec8   0x00000010   Code   RO           74    .text.log_init      log.o
    0x08001ed8   0x08001ed8   0x00000050   Code   RO           78    .text.log_load_data  log.o
    0x08001f28   0x08001f28   0x00000044   Code   RO           76    .text.log_save_data  log.o
    0x08001f6c   0x08001f6c   0x00000032   Code   RO          357    .text.main          main.o
    0x08001f9e   0x08001f9e   0x00000002   PAD
    0x08001fa0   0x08001fa0   0x0000000e   Code   RO           37    .text.notify_release_lck  bms.o
    0x08001fae   0x08001fae   0x00000002   PAD
    0x08001fb0   0x08001fb0   0x0000005e   Code   RO            2    .text.process_timer_events  systimer.o
    0x0800200e   0x0800200e   0x00000002   PAD
    0x08002010   0x08002010   0x00000028   Code   RO           60    .text.rtc_get_date_time  rtc.o
    0x08002038   0x08002038   0x00000058   Code   RO           64    .text.rtc_get_time_stamp  rtc.o
    0x08002090   0x08002090   0x0000006a   Code   RO            4    .text.start_timer   systimer.o
    0x080020fa   0x080020fa   0x0000000c   Data   RO         1624    .constdata          c_w.l(_monlen.o)
    0x08002106   0x08002106   0x00000004   Data   RO         1049    .rodata.ADCPrescTable  stm32f10x_rcc.o
    0x0800210a   0x0800210a   0x00000010   Data   RO         1514    .rodata.AHBPrescTable  system_stm32f10x.o
    0x0800211a   0x0800211a   0x00000010   Data   RO         1048    .rodata.APBAHBPrescTable  stm32f10x_rcc.o
    0x0800212a   0x0800212a   0x00000002   PAD
    0x0800212c   0x0800212c   0x00000020   Data   RO         1801    Region$$Table       anon$$obj.o


    Execution Region RW_IRAM1 (Exec base: 0x20000000, Load base: 0x08002150, Size: 0x00000868, Max: 0x00005000, ABSOLUTE)

    Exec Addr    Load Addr    Size         Type   Attr      Idx    E Section Name        Object

    0x20000000   0x08002150   0x00000004   Data   RW         1513    .data.SystemCoreClock  system_stm32f10x.o
    0x20000004   0x08002154   0x00000004   PAD
    0x20000008        -       0x00000060   Zero   RW         1677    .bss                c_w.l(libspace.o)
    0x20000068        -       0x00000014   Zero   RW           96    .bss.RxPacket       canbus.o
    0x2000007c        -       0x00000014   Zero   RW           95    .bss.TxPacket       canbus.o
    0x20000090        -       0x00000032   Zero   RW           51    .bss._bms           bms.o
    0x200000c2   0x08002154   0x00000002   PAD
    0x200000c4        -       0x00000004   Zero   RW          217    .bss.adc_gain       bq76940.o
    0x200000c8        -       0x00000004   Zero   RW          216    .bss.adc_offset     bq76940.o
    0x200000cc        -       0x00000001   Zero   RW          218    .bss.alert_flag     bq76940.o
    0x200000cd        -       0x00000001   Zero   RW           49    .bss.balance_lck    bms.o
    0x200000ce        -       0x00000002   Zero   RW           80    .bss.datasz         log.o
    0x200000d0        -       0x00000004   Zero   RW          155    .bss.msTicks        timer.o
    0x200000d4        -       0x00000001   Zero   RW           50    .bss.notify_lck     bms.o
    0x200000d5   0x08002154   0x00000003   PAD
    0x200000d8        -       0x00000004   Zero   RW           11    .bss.process_timer_events.callback  systimer.o
    0x200000dc        -       0x00000004   Zero   RW           10    .bss.process_timer_events.param  systimer.o
    0x200000e0        -       0x00000002   Zero   RW          127    .bss.timeout        hwi2c.o
    0x200000e2   0x08002154   0x00000002   PAD
    0x200000e4        -       0x00000180   Zero   RW           12    .bss.timers         systimer.o
    0x20000264        -       0x00000004   Zero   RW          154    .bss.usTicks        timer.o
    0x20000268        -       0x00000200   Zero   RW         1496    HEAP                startup_stm32f10x_md.o
    0x20000468        -       0x00000400   Zero   RW         1495    STACK               startup_stm32f10x_md.o


==============================================================================

Image component sizes


      Code (inc. data)   RO Data    RW Data    ZI Data      Debug   Object Name

       830          0          0          0         52       4372   bms.o
       114          0          0          0          0       2140   bq34z100.o
       856          0          0          0          9       8401   bq76940.o
       192          0          0          0         40       3571   canbus.o
        64          0          0          0          0        932   crc8.o
       248          0          0          0          0       6153   ds3231.o
        64          0          0          0          0       1226   flash.o
       838          0          0          0          2       4804   hwi2c.o
       164          0          0          0          2       1517   log.o
        50          0          0          0          0        455   main.o
        94          0          0          0          0       3491   misc.o
       128          0          0          0          0       2107   rtc.o
        64         26        236          0       1536        888   startup_stm32f10x_md.o
       842          0          0          0          0      10527   stm32f10x_can.o
       104          0          0          0          0       2953   stm32f10x_exti.o
       316          0          0          0          0       8063   stm32f10x_flash.o
       222          0          0          0          0       5884   stm32f10x_gpio.o
       372          0          0          0          0       8432   stm32f10x_i2c.o
       208          0         20          0          0       7700   stm32f10x_rcc.o
       394          0         16          4          0       2840   system_stm32f10x.o
       200          0          0          0        392       1881   systimer.o
       216          0          0          0          8       4293   timer.o

    ----------------------------------------------------------------------
      6698         26        306          4       2052      92630   Object Totals
         0          0         32          0          0          0   (incl. Generated)
       118          0          2          0         11          0   (incl. Padding)

    ----------------------------------------------------------------------

      Code (inc. data)   RO Data    RW Data    ZI Data      Debug   Library Member Name

         8          0          0          0          0         68   __main.o
         0          0          0          0          0          0   __rtentry.o
        12          0          0          0          0          0   __rtentry2.o
         6          0          0          0          0          0   __rtentry4.o
        52          8          0          0          0          0   __scatter.o
        26          0          0          0          0          0   __scatter_copy.o
        28          0          0          0          0          0   __scatter_zi.o
         0          0         12          0          0          0   _monlen.o
        10          0          0          0          0         68   defsig_exit.o
        50          0          0          0          0         88   defsig_general.o
        80         58          0          0          0         76   defsig_rtmem_inner.o
        14          0          0          0          0         80   defsig_rtmem_outer.o
        18          0          0          0          0         80   exit.o
        94          0          0          0          0         80   h1_alloc.o
        52          0          0          0          0         68   h1_extend.o
        78          0          0          0          0         80   h1_free.o
        14          0          0          0          0         84   h1_init.o
         6          0          0          0          0        152   heapauxi.o
         4          0          0          0          0        136   hguard.o
         0          0          0          0          0          0   indicate_semi.o
       138          0          0          0          0        168   init_alloc.o
         2          0          0          0          0          0   libinit.o
        10          0          0          0          0          0   libinit2.o
         2          0          0          0          0          0   libshutdown.o
         2          0          0          0          0          0   libshutdown2.o
         8          4          0          0         96         68   libspace.o
         0          0          0          0          0          0   maybetermalloc1.o
       424         10          0          0          0        124   mktime.o
         8          4          0          0          0         68   rt_heap_descriptor_intlibspace.o
       138          0          0          0          0         68   rt_memcpy_v6.o
       100          0          0          0          0         80   rt_memcpy_w.o
         2          0          0          0          0          0   rtexit.o
        10          0          0          0          0          0   rtexit2.o
        12          4          0          0          0         68   sys_exit.o
        74          0          0          0          0         80   sys_stackheap_outer.o
        14          0          0          0          0         76   sys_wrch.o
         2          0          0          0          0         68   use_no_semi.o

    ----------------------------------------------------------------------
      1508         88         12          0         96       1928   Library Totals
        10          0          0          0          0          0   (incl. Padding)

    ----------------------------------------------------------------------

      Code (inc. data)   RO Data    RW Data    ZI Data      Debug   Library Name

      1498         88         12          0         96       1928   c_w.l

    ----------------------------------------------------------------------
      1508         88         12          0         96       1928   Library Totals

    ----------------------------------------------------------------------

==============================================================================


      Code (inc. data)   RO Data    RW Data    ZI Data      Debug   

      8206        114        318          4       2148      93298   Grand Totals
      8206        114        318          4       2148      93298   ELF Image Totals
      8206        114        318          4          0          0   ROM Totals

==============================================================================

    Total RO  Size (Code + RO Data)                 8524 (   8.32kB)
    Total RW  Size (RW Data + ZI Data)              2152 (   2.10kB)
    Total ROM Size (Code + RO Data + RW Data)       8528 (   8.33kB)

==============================================================================

